Archive member included to satisfy reference by file (symbol)

C:\Users\jaume\WiSE-Studio\workspace\BLE_Sensor_Jaume\include\Library\Bluetooth_LE\library\libbluenrg1_stack.a(bluenrg_gap_aci.o)
                              User/sensor.o (aci_gap_init)
C:\Users\jaume\WiSE-Studio\workspace\BLE_Sensor_Jaume\include\Library\Bluetooth_LE\library\libbluenrg1_stack.a(bluenrg_gatt_aci.o)
                              User/gatt_db.o (aci_gatt_add_char)
C:\Users\jaume\WiSE-Studio\workspace\BLE_Sensor_Jaume\include\Library\Bluetooth_LE\library\libbluenrg1_stack.a(bluenrg_hal_aci.o)
                              User/sensor.o (aci_hal_set_tx_power_level)
C:\Users\jaume\WiSE-Studio\workspace\BLE_Sensor_Jaume\include\Library\Bluetooth_LE\library\libbluenrg1_stack.a(bluenrg_main_func.o)
                              User/SensorDemo_main.o (BTLE_StackTick)
C:\Users\jaume\WiSE-Studio\workspace\BLE_Sensor_Jaume\include\Library\Bluetooth_LE\library\libbluenrg1_stack.a(gap.o)
                              C:\Users\jaume\WiSE-Studio\workspace\BLE_Sensor_Jaume\include\Library\Bluetooth_LE\library\libbluenrg1_stack.a(bluenrg_gap_aci.o) (GAP_Create_Connection)
C:\Users\jaume\WiSE-Studio\workspace\BLE_Sensor_Jaume\include\Library\Bluetooth_LE\library\libbluenrg1_stack.a(gatt_client.o)
                              C:\Users\jaume\WiSE-Studio\workspace\BLE_Sensor_Jaume\include\Library\Bluetooth_LE\library\libbluenrg1_stack.a(bluenrg_gatt_aci.o) (Gatt_Confirm_Indication)
C:\Users\jaume\WiSE-Studio\workspace\BLE_Sensor_Jaume\include\Library\Bluetooth_LE\library\libbluenrg1_stack.a(gatt_server.o)
                              C:\Users\jaume\WiSE-Studio\workspace\BLE_Sensor_Jaume\include\Library\Bluetooth_LE\library\libbluenrg1_stack.a(gatt_client.o) (GATT_Send_Packet)
C:\Users\jaume\WiSE-Studio\workspace\BLE_Sensor_Jaume\include\Library\Bluetooth_LE\library\libbluenrg1_stack.a(hal.o)
                              C:\Users\jaume\WiSE-Studio\workspace\BLE_Sensor_Jaume\include\Library\Bluetooth_LE\library\libbluenrg1_stack.a(bluenrg_hal_aci.o) (HAL_Read_ConfigData)
C:\Users\jaume\WiSE-Studio\workspace\BLE_Sensor_Jaume\include\Library\Bluetooth_LE\library\libbluenrg1_stack.a(hci.o)
                              C:\Users\jaume\WiSE-Studio\workspace\BLE_Sensor_Jaume\include\Library\Bluetooth_LE\library\libbluenrg1_stack.a(bluenrg_main_func.o) (Controller_Process_Q)
C:\Users\jaume\WiSE-Studio\workspace\BLE_Sensor_Jaume\include\Library\Bluetooth_LE\library\libbluenrg1_stack.a(host_timer.o)
                              User/sensor.o (HAL_VTimerStart_ms)
C:\Users\jaume\WiSE-Studio\workspace\BLE_Sensor_Jaume\include\Library\Bluetooth_LE\library\libbluenrg1_stack.a(l2cap.o)
                              C:\Users\jaume\WiSE-Studio\workspace\BLE_Sensor_Jaume\include\Library\Bluetooth_LE\library\libbluenrg1_stack.a(bluenrg_main_func.o) (L2C_Init)
C:\Users\jaume\WiSE-Studio\workspace\BLE_Sensor_Jaume\include\Library\Bluetooth_LE\library\libbluenrg1_stack.a(ll_isr.o)
                              User/BlueNRG1_it.o (RAL_Isr)
C:\Users\jaume\WiSE-Studio\workspace\BLE_Sensor_Jaume\include\Library\Bluetooth_LE\library\libbluenrg1_stack.a(ll_privacy.o)
                              C:\Users\jaume\WiSE-Studio\workspace\BLE_Sensor_Jaume\include\Library\Bluetooth_LE\library\libbluenrg1_stack.a(hci.o) (LL_LE_Add_Device_To_White_List)
C:\Users\jaume\WiSE-Studio\workspace\BLE_Sensor_Jaume\include\Library\Bluetooth_LE\library\libbluenrg1_stack.a(ll_routines.o)
                              C:\Users\jaume\WiSE-Studio\workspace\BLE_Sensor_Jaume\include\Library\Bluetooth_LE\library\libbluenrg1_stack.a(hci.o) (Disconnection_Offline_Processing)
C:\Users\jaume\WiSE-Studio\workspace\BLE_Sensor_Jaume\include\Library\Bluetooth_LE\library\libbluenrg1_stack.a(ll_routines_master.o)
                              C:\Users\jaume\WiSE-Studio\workspace\BLE_Sensor_Jaume\include\Library\Bluetooth_LE\library\libbluenrg1_stack.a(gap.o) (LL_Create_Connection)
C:\Users\jaume\WiSE-Studio\workspace\BLE_Sensor_Jaume\include\Library\Bluetooth_LE\library\libbluenrg1_stack.a(ll_routines_support.o)
                              C:\Users\jaume\WiSE-Studio\workspace\BLE_Sensor_Jaume\include\Library\Bluetooth_LE\library\libbluenrg1_stack.a(ll_privacy.o) (LL_Encrypt_Plain_Data)
C:\Users\jaume\WiSE-Studio\workspace\BLE_Sensor_Jaume\include\Library\Bluetooth_LE\library\libbluenrg1_stack.a(mem_alloc.o)
                              C:\Users\jaume\WiSE-Studio\workspace\BLE_Sensor_Jaume\include\Library\Bluetooth_LE\library\libbluenrg1_stack.a(bluenrg_main_func.o) (_BlueNRG_Stack_Init_params)
C:\Users\jaume\WiSE-Studio\workspace\BLE_Sensor_Jaume\include\Library\Bluetooth_LE\library\libbluenrg1_stack.a(mem_buff.o)
                              C:\Users\jaume\WiSE-Studio\workspace\BLE_Sensor_Jaume\include\Library\Bluetooth_LE\library\libbluenrg1_stack.a(l2cap.o) (Mem_Buff_Append)
[...]
Memory Configuration

Name             Origin             Length             Attributes
REGION_RAM       0x20000000         0x00006000         xrw
REGION_FLASH_BOOTLOADER 0x10040000         0x00000000         xr
REGION_FLASH     0x10040000         0x0003f000         xr
REGION_NVM       0x1007f000         0x00001000         xr
REGION_ROM       0x10000000         0x00000800         xr
*default*        0x00000000         0xffffffff

Linker script and memory map

START GROUP
LOAD HAL/clock.o
LOAD HAL/context_switch.o
LOAD HAL/miscutil.o
LOAD HAL/osal.o
LOAD HAL/sleep.o
LOAD Library/BlueNRG1_adc.o
LOAD Library/BlueNRG1_dma.o
LOAD Library/BlueNRG1_flash.o
LOAD Library/BlueNRG1_gpio.o
LOAD Library/BlueNRG1_i2c.o
LOAD Library/BlueNRG1_mft.o
LOAD Library/BlueNRG1_pka.o
LOAD Library/BlueNRG1_rtc.o
LOAD Library/BlueNRG1_spi.o
LOAD Library/BlueNRG1_sysCtrl.o
LOAD Library/BlueNRG1_uart.o
LOAD Library/BlueNRG1_wdg.o
LOAD Library/misc.o
LOAD Platform_Layers/SDK_EVAL_Button.o
LOAD Platform_Layers/SDK_EVAL_Com.o
LOAD Platform_Layers/SDK_EVAL_Config.o
LOAD Platform_Layers/SDK_EVAL_I2C.o
LOAD Platform_Layers/SDK_EVAL_Led.o
LOAD Platform_Layers/SDK_EVAL_SPI.o
LOAD Platform_Layers/STM32Sensor.o
LOAD Stack/stack_user_cfg.o
LOAD Startup/system_BlueNRG1.o
LOAD User/BlueNRG1_it.o
LOAD User/SensorDemo_main.o
LOAD User/gatt_db.o
LOAD User/sensor.o
LOAD C:\Users\jaume\WiSE-Studio\workspace\BLE_Sensor_Jaume\include\Library\Bluetooth_LE\library\libbluenrg1_stack.a
LOAD C:\Users\jaume\WiSE-Studio\workspace\BLE_Sensor_Jaume\include\Library\cryptolib\libcrypto.a
LOAD c:/wise-studio/tools/gcc-arm-none-eabi-9-2019-q4-major/bin/../lib/gcc/arm-none-eabi/9.2.1/../../../../arm-none-eabi/lib/thumb/v6-m/nofp\libm.a
LOAD c:/wise-studio/tools/gcc-arm-none-eabi-9-2019-q4-major/bin/../lib/gcc/arm-none-eabi/9.2.1/../../../../arm-none-eabi/lib/thumb/v6-m/nofp\libc_nano.a
END GROUP
                0x20000000                _MEMORY_RAM_BEGIN_ = 0x20000000
                0x00006000                _MEMORY_RAM_SIZE_ = 0x6000
                0x20005fff                _MEMORY_RAM_END_ = 0x20005fff
                0x10040000                _MEMORY_FLASH_BEGIN_ = 0x10040000
                0x00040000                _MEMORY_FLASH_SIZE_ = 0x40000
                0x1007ffff                _MEMORY_FLASH_END_ = 0x1007ffff
                0x10000000                _MEMORY_ROM_BEGIN_ = 0x10000000
                0x00000800                _MEMORY_ROM_SIZE_ = 0x800
                0x100007ff                _MEMORY_ROM_END_ = 0x100007ff
                0x00001000                FLASH_NVM_DATASIZE = 0x1000
                0x00000000                MEMORY_FLASH_APP_OFFSET = DEFINED (MEMORY_FLASH_APP_OFFSET)?MEMORY_FLASH_APP_OFFSET:0x0
                0x0003f000                MEMORY_FLASH_APP_SIZE = DEFINED (MEMORY_FLASH_APP_SIZE)?MEMORY_FLASH_APP_SIZE:((_MEMORY_FLASH_SIZE_ - FLASH_NVM_DATASIZE) - MEMORY_FLASH_APP_OFFSET)
                0x000002cc                MEMORY_RAM_APP_OFFSET = DEFINED (MEMORY_RAM_APP_OFFSET)?MEMORY_RAM_APP_OFFSET:0x2cc
                0x00000800                RESET_MANAGER_SIZE = DEFINED (RESET_MANAGER_SIZE)?RESET_MANAGER_SIZE:0x800
                0x0003f000                MEMORY_FLASH_APP_SIZE = DEFINED (ST_OTA_HIGHER_APPLICATION)?(((((_MEMORY_FLASH_SIZE_ - RESET_MANAGER_SIZE) - FLASH_NVM_DATASIZE) / 0x2) / 0x800) * 0x800):MEMORY_FLASH_APP_SIZE
                0x00000000                MEMORY_FLASH_APP_OFFSET = DEFINED (ST_OTA_HIGHER_APPLICATION)?(RESET_MANAGER_SIZE + MEMORY_FLASH_APP_SIZE):MEMORY_FLASH_APP_OFFSET
                0x0003f000                MEMORY_FLASH_APP_SIZE = DEFINED (ST_OTA_LOWER_APPLICATION)?(((((_MEMORY_FLASH_SIZE_ - RESET_MANAGER_SIZE) - FLASH_NVM_DATASIZE) / 0x2) / 0x800) * 0x800):MEMORY_FLASH_APP_SIZE
                0x00000000                MEMORY_FLASH_APP_OFFSET = DEFINED (ST_OTA_LOWER_APPLICATION)?RESET_MANAGER_SIZE:MEMORY_FLASH_APP_OFFSET
                0x00011800                SERVICE_MANAGER_SIZE = 0x11800
                0x0003f000                MEMORY_FLASH_APP_SIZE = DEFINED (ST_USE_OTA_SERVICE_MANAGER_APPLICATION)?((_MEMORY_FLASH_SIZE_ - SERVICE_MANAGER_SIZE) - FLASH_NVM_DATASIZE):MEMORY_FLASH_APP_SIZE
                0x00000000                MEMORY_FLASH_APP_OFFSET = DEFINED (ST_USE_OTA_SERVICE_MANAGER_APPLICATION)?SERVICE_MANAGER_SIZE:MEMORY_FLASH_APP_OFFSET
                0x00000000                _Min_Heap_Size = 0x0
                0x00000c00                _Min_Stack_Size = 0xc00

.bootloader     0x10040000        0x0
                0x10040000                . = ALIGN (0x4)
 *(.bootloader)
                0x10040000                . = ALIGN (0x4)

.intvec         0x10040000       0xc0
                0x10040000                . = ALIGN (0x4)
 *(.intvec)
 .intvec        0x10040000       0xc0 Startup/system_BlueNRG1.o
                0x10040000                __vector_table
                0x100400c0                . = ALIGN (0x4)

.text           0x100400c0    0x100b8
                0x100400c0                . = ALIGN (0x4)
 *(.cmd_call_table)
 *(.text)
 .text          0x100400c0       0xa0 HAL/context_switch.o
                0x100400c0                CS_contextSave
                0x10040112                CS_contextRestore
 .text          0x10040160      0x114 c:/wise-studio/tools/gcc-arm-none-eabi-9-2019-q4-major/bin/../lib/gcc/arm-none-eabi/9.2.1/thumb/v6-m/nofp\libgcc.a(_udivsi3.o)
                0x10040160                __aeabi_uidiv
                0x10040160                __udivsi3
                0x1004026c                __aeabi_uidivmod
 .text          0x10040274        0x4 c:/wise-studio/tools/gcc-arm-none-eabi-9-2019-q4-major/bin/../lib/gcc/arm-none-eabi/9.2.1/thumb/v6-m/nofp\libgcc.a(_dvmd_tls.o)
                0x10040274                __aeabi_idiv0
                0x10040274                __aeabi_ldiv0
 .text          0x10040278       0x78 c:/wise-studio/tools/gcc-arm-none-eabi-9-2019-q4-major/bin/../lib/gcc/arm-none-eabi/9.2.1/thumb/v6-m/nofp\libgcc.a(unaligned-funcs.o)
                0x10040278                __aeabi_uread4
                0x10040290                __aeabi_uwrite4
                0x100402a4                __aeabi_uread8
                0x100402d0                __aeabi_uwrite8
 *(.text*)
 .text.SysCount_Handler
                0x100402f0       0x10 HAL/clock.o
                0x100402f0                SysCount_Handler
 .text.HAL_GetPartInfo
                0x10040300       0x64 HAL/miscutil.o
                0x10040300                HAL_GetPartInfo
 .text.BLEPLAT_get_part_info
                0x10040364       0x22 HAL/miscutil.o
                0x10040364                BLEPLAT_get_part_info
 .text.Osal_MemCpy
                0x10040386        0x8 HAL/osal.o
                0x10040386                Osal_MemCpy
 .text.Osal_MemSet
                0x1004038e        0x8 HAL/osal.o
                0x1004038e                Osal_MemSet
 .text.Osal_MemCmp
                0x10040396        0x8 HAL/osal.o
                0x10040396                Osal_MemCmp
 *fill*         0x1004039e        0x2 
 .text.FLASH_WaitCmdDone
                0x100403a0       0x10 Library/BlueNRG1_flash.o
                0x100403a0                FLASH_WaitCmdDone
 .text.FLASH_ErasePage
                0x100403b0       0x30 Library/BlueNRG1_flash.o
                0x100403b0                FLASH_ErasePage
 .text.FLASH_ProgramWord
                0x100403e0       0x30 Library/BlueNRG1_flash.o
                0x100403e0                FLASH_ProgramWord
 .text.GPIO_Init
                0x10040410       0xda Library/BlueNRG1_gpio.o
                0x10040410                GPIO_Init
 .text.GPIO_StructInit
                0x100404ea        0xa Library/BlueNRG1_gpio.o
                0x100404ea                GPIO_StructInit
 .text.GPIO_SetBits
                0x100404f4        0x8 Library/BlueNRG1_gpio.o
                0x100404f4                GPIO_SetBits
 .text.GPIO_ResetBits
                0x100404fc        0x8 Library/BlueNRG1_gpio.o
                0x100404fc                GPIO_ResetBits
 .text.PKA_Reset
                0x10040504       0x14 Library/BlueNRG1_pka.o
                0x10040504                PKA_Reset
 .text.SPI_SetBaudrate
                0x10040518       0x4c Library/BlueNRG1_spi.o
                0x10040518                SPI_SetBaudrate
 .text.SPI_Init
                0x10040564       0x54 Library/BlueNRG1_spi.o
                0x10040564                SPI_Init
 .text.SPI_StructInit
                0x100405b8       0x10 Library/BlueNRG1_spi.o
                0x100405b8                SPI_StructInit
 .text.SPI_Cmd  0x100405c8       0x1c Library/BlueNRG1_spi.o
                0x100405c8                SPI_Cmd
 .text.SPI_SendData
                0x100405e4        0xc Library/BlueNRG1_spi.o
                0x100405e4                SPI_SendData
 .text.SPI_ReceiveData
                0x100405f0        0xc Library/BlueNRG1_spi.o
                0x100405f0                SPI_ReceiveData
 .text.SPI_GetFlagStatus
                0x100405fc       0x14 Library/BlueNRG1_spi.o
                0x100405fc                SPI_GetFlagStatus
 .text.SPI_ClearRXFIFO
                0x10040610       0x18 Library/BlueNRG1_spi.o
                0x10040610                SPI_ClearRXFIFO
 .text.SPI_ClearTXFIFO
                0x10040628       0x30 Library/BlueNRG1_spi.o
                0x10040628                SPI_ClearTXFIFO
 .text.SysCtrl_PeripheralClockCmd
                0x10040658       0x18 Library/BlueNRG1_sysCtrl.o
                0x10040658                SysCtrl_PeripheralClockCmd
 .text.SysCtrl_GetWakeupResetReason
                0x10040670       0xac Library/BlueNRG1_sysCtrl.o
                0x10040670                SysCtrl_GetWakeupResetReason
 .text.UART_Cmd
                0x1004071c       0x1c Library/BlueNRG1_uart.o
                0x1004071c                UART_Cmd
 .text.UART_Init
                0x10040738      0x150 Library/BlueNRG1_uart.o
                0x10040738                UART_Init
 .text.UART_RxFifoIrqLevelConfig
                0x10040888       0x18 Library/BlueNRG1_uart.o
                0x10040888                UART_RxFifoIrqLevelConfig
 .text.SdkEvalComUartInit
                0x100408a0       0x94 Platform_Layers/SDK_EVAL_Com.o
                0x100408a0                SdkEvalComUartInit
 .text.__aeabi_memcpy
                0x10040934        0x8 Platform_Layers/SDK_EVAL_Com.o
                0x10040934                __aeabi_memcpy
 .text.__aeabi_memcpy4
                0x1004093c        0x8 Platform_Layers/SDK_EVAL_Com.o
                0x1004093c                __aeabi_memcpy4
 .text.__aeabi_memclr
                0x10040944        0xc Platform_Layers/SDK_EVAL_Com.o
                0x10040944                __aeabi_memclr
 .text.__aeabi_memclr4
                0x10040950        0x8 Platform_Layers/SDK_EVAL_Com.o
                0x10040950                __aeabi_memclr4
 .text.SdkEvalIdentification
                0x10040958        0xc Platform_Layers/SDK_EVAL_Config.o
                0x10040958                SdkEvalIdentification
 .text.SdkEvalGetVersion
                0x10040964        0xc Platform_Layers/SDK_EVAL_Config.o
                0x10040964                SdkEvalGetVersion
 .text.SdkEvalSpiInit
                0x10040970      0x11c Platform_Layers/SDK_EVAL_SPI.o
                0x10040970                SdkEvalSpiInit
 .text.SdkEvalSpiRead
                0x10040a8c       0xe0 Platform_Layers/SDK_EVAL_SPI.o
                0x10040a8c                SdkEvalSpiRead
 .text.PKA_Handler
                0x10040b6c        0x2 Startup/system_BlueNRG1.o
                0x10040b6c                PKA_Handler
 .text.PendSV_Handler
                0x10040b6e        0x2 Startup/system_BlueNRG1.o
                0x10040b6e                PendSV_Handler
 .text.NVM_Handler
                0x10040b70        0x2 Startup/system_BlueNRG1.o
                0x10040b70                NVM_Handler
 .text.SPI_Handler
                0x10040b72        0x2 Startup/system_BlueNRG1.o
                0x10040b72                SPI_Handler
 .text.MFT1A_Handler
                0x10040b74        0x2 Startup/system_BlueNRG1.o
                0x10040b74                MFT1A_Handler
 .text.MFT1B_Handler
                0x10040b76        0x2 Startup/system_BlueNRG1.o
                0x10040b76                MFT1B_Handler
 .text.MFT2A_Handler
                0x10040b78        0x2 Startup/system_BlueNRG1.o
                0x10040b78                MFT2A_Handler
 .text.MFT2B_Handler
                0x10040b7a        0x2 Startup/system_BlueNRG1.o
                0x10040b7a                MFT2B_Handler
 .text.RTC_Handler
                0x10040b7c        0x2 Startup/system_BlueNRG1.o
                0x10040b7c                RTC_Handler
 .text.WDG_Handler
                0x10040b7e        0x2 Startup/system_BlueNRG1.o
                0x10040b7e                WDG_Handler
 .text.ADC_Handler
                0x10040b80        0x2 Startup/system_BlueNRG1.o
                0x10040b80                ADC_Handler
 .text.I2C2_Handler
                0x10040b82        0x2 Startup/system_BlueNRG1.o
                0x10040b82                I2C2_Handler
 .text.I2C1_Handler
                0x10040b84        0x2 Startup/system_BlueNRG1.o
                0x10040b84                I2C1_Handler
 .text.DMA_Handler
                0x10040b86        0x2 Startup/system_BlueNRG1.o
                0x10040b86                DMA_Handler
 .text.Set_RF_FrontEnd
                0x10040b88       0x4c Startup/system_BlueNRG1.o
                0x10040b88                Set_RF_FrontEnd
 .text.BOR_ConfigSave
                0x10040bd4       0x48 Startup/system_BlueNRG1.o
                0x10040bd4                BOR_ConfigSave
 .text.SET_BORconfigStatus
                0x10040c1c       0x40 Startup/system_BlueNRG1.o
                0x10040c1c                SET_BORconfigStatus
 .text.__low_level_init
                0x10040c5c       0xbc Startup/system_BlueNRG1.o
                0x10040c5c                __low_level_init
 .text.RESET_HANDLER
                0x10040d18       0x80 Startup/system_BlueNRG1.o
                0x10040d18                RESET_HANDLER
 .text.DeviceConfiguration
                0x10040d98      0x144 Startup/system_BlueNRG1.o
                0x10040d98                DeviceConfiguration
 .text.SystemInit
                0x10040edc      0x114 Startup/system_BlueNRG1.o
                0x10040edc                SystemInit
 .text.NMI_Handler
                0x10040ff0        0x2 User/BlueNRG1_it.o
                0x10040ff0                NMI_Handler
 .text.HardFault_Handler
                0x10040ff2        0x2 User/BlueNRG1_it.o
                0x10040ff2                HardFault_Handler
 .text.SVC_Handler
                0x10040ff4        0x2 User/BlueNRG1_it.o
                0x10040ff4                SVC_Handler
 .text.SysTick_Handler
                0x10040ff6        0x8 User/BlueNRG1_it.o
                0x10040ff6                SysTick_Handler
 .text.GPIO_Handler
                0x10040ffe        0x2 User/BlueNRG1_it.o
                0x10040ffe                GPIO_Handler
 .text.UART_Handler
                0x10041000        0x2 User/BlueNRG1_it.o
                0x10041000                UART_Handler
 .text.Blue_Handler
                0x10041002        0x8 User/BlueNRG1_it.o
                0x10041002                Blue_Handler
 *fill*         0x1004100a        0x2 
 .text.startup.main
                0x1004100c       0x38 User/SensorDemo_main.o
                0x1004100c                main
 .text.hci_hardware_error_event
                0x10041044       0x18 User/SensorDemo_main.o
                0x10041044                hci_hardware_error_event
 .text.aci_hal_fw_error_event
                0x1004105c       0x16 User/SensorDemo_main.o
                0x1004105c                aci_hal_fw_error_event
 *fill*         0x10041072        0x2 
 .text.Add_Res_Service
                0x10041074       0xe0 User/gatt_db.o
                0x10041074                Add_Res_Service
 .text.Res1_Update
                0x10041154       0x60 User/gatt_db.o
                0x10041154                Res1_Update
 .text.Res2_Update
                0x100411b4       0x60 User/gatt_db.o
                0x100411b4                Res2_Update
 .text.Res_Update
                0x10041214       0x3c User/gatt_db.o
                0x10041214                Res_Update
 .text.Read_Request_CB
                0x10041250       0x14 User/gatt_db.o
                0x10041250                Read_Request_CB
 .text.Init_Sensoring
                0x10041264       0x10 User/sensor.o
                0x10041264                Init_Sensoring
 .text.Sensor_DeviceInit
                0x10041274       0xc0 User/sensor.o
                0x10041274                Sensor_DeviceInit
 .text.Set_DeviceConnectable
                0x10041334       0x44 User/sensor.o
                0x10041334                Set_DeviceConnectable
 .text.APP_Tick
                0x10041378       0x64 User/sensor.o
                0x10041378                APP_Tick
 .text.hci_le_connection_complete_event
                0x100413dc       0x14 User/sensor.o
                0x100413dc                hci_le_connection_complete_event
 .text.hci_disconnection_complete_event
                0x100413f0       0x20 User/sensor.o
                0x100413f0                hci_disconnection_complete_event
 .text.aci_gatt_read_permit_req_event
                0x10041410        0xa User/sensor.o
                0x10041410                aci_gatt_read_permit_req_event
 *fill*         0x1004141a        0x2 
 .text.HAL_VTimerTimeoutCallback
                0x1004141c       0x10 User/sensor.o
                0x1004141c                HAL_VTimerTimeoutCallback
 .text.aci_gatt_attribute_modified_event
                0x1004142c        0x2 User/sensor.o
                0x1004142c                aci_gatt_attribute_modified_event
 .text.aci_hal_end_of_radio_activity_event
                0x1004142e        0x2 User/sensor.o
                0x1004142e                aci_hal_end_of_radio_activity_event
 .text.__aeabi_memmove
                0x10041430        0x8 c:/wise-studio/tools/gcc-arm-none-eabi-9-2019-q4-major/bin/../lib/gcc/arm-none-eabi/9.2.1/../../../../arm-none-eabi/lib/thumb/v6-m/nofp\libc_nano.a(lib_a-aeabi_memmove.o)
                0x10041430                __aeabi_memmove
                0x10041430                __aeabi_memmove4
                0x10041430                __aeabi_memmove8
 .text.memcmp   0x10041438       0x1c c:/wise-studio/tools/gcc-arm-none-eabi-9-2019-q4-major/bin/../lib/gcc/arm-none-eabi/9.2.1/../../../../arm-none-eabi/lib/thumb/v6-m/nofp\libc_nano.a(lib_a-memcmp.o)
                0x10041438                memcmp
 .text.memcpy   0x10041454       0x12 c:/wise-studio/tools/gcc-arm-none-eabi-9-2019-q4-major/bin/../lib/gcc/arm-none-eabi/9.2.1/../../../../arm-none-eabi/lib/thumb/v6-m/nofp\libc_nano.a(lib_a-memcpy-stub.o)
                0x10041454                memcpy
 .text.memmove  0x10041466       0x26 c:/wise-studio/tools/gcc-arm-none-eabi-9-2019-q4-major/bin/../lib/gcc/arm-none-eabi/9.2.1/../../../../arm-none-eabi/lib/thumb/v6-m/nofp\libc_nano.a(lib_a-memmove.o)
                0x10041466                memmove
 .text.memset   0x1004148c       0x10 c:/wise-studio/tools/gcc-arm-none-eabi-9-2019-q4-major/bin/../lib/gcc/arm-none-eabi/9.2.1/../../../../arm-none-eabi/lib/thumb/v6-m/nofp\libc_nano.a(lib_a-memset.o)
                0x1004148c                memset
 *(i.*)
 i._aci_gap_set_discoverable_param_check
                0x1004149c       0x5c C:\Users\jaume\WiSE-Studio\workspace\BLE_Sensor_Jaume\include\Library\Bluetooth_LE\library\libbluenrg1_stack.a(bluenrg_gap_aci.o)
 i.aci_gap_init
                0x100414f8       0x30 C:\Users\jaume\WiSE-Studio\workspace\BLE_Sensor_Jaume\include\Library\Bluetooth_LE\library\libbluenrg1_stack.a(bluenrg_gap_aci.o)
                0x100414f8                aci_gap_init
 i.aci_gap_set_authentication_requirement
                0x10041528       0x94 C:\Users\jaume\WiSE-Studio\workspace\BLE_Sensor_Jaume\include\Library\Bluetooth_LE\library\libbluenrg1_stack.a(bluenrg_gap_aci.o)
                0x10041528                aci_gap_set_authentication_requirement
 i.aci_gap_set_discoverable
                0x100415bc       0x42 C:\Users\jaume\WiSE-Studio\workspace\BLE_Sensor_Jaume\include\Library\Bluetooth_LE\library\libbluenrg1_stack.a(bluenrg_gap_aci.o)
                0x100415bc                aci_gap_set_discoverable
 i.aci_gap_terminate
                0x100415fe        0x8 C:\Users\jaume\WiSE-Studio\workspace\BLE_Sensor_Jaume\include\Library\Bluetooth_LE\library\libbluenrg1_stack.a(bluenrg_gap_aci.o)
                0x100415fe                aci_gap_terminate
 i._load_uuid   0x10041606       0x26 C:\Users\jaume\WiSE-Studio\workspace\BLE_Sensor_Jaume\include\Library\Bluetooth_LE\library\libbluenrg1_stack.a(bluenrg_gatt_aci.o)
 i.aci_gatt_add_char
                0x1004162c       0x3e C:\Users\jaume\WiSE-Studio\workspace\BLE_Sensor_Jaume\include\Library\Bluetooth_LE\library\libbluenrg1_stack.a(bluenrg_gatt_aci.o)
                0x1004162c                aci_gatt_add_char
 i.aci_gatt_add_service
                0x1004166a       0x36 C:\Users\jaume\WiSE-Studio\workspace\BLE_Sensor_Jaume\include\Library\Bluetooth_LE\library\libbluenrg1_stack.a(bluenrg_gatt_aci.o)
                0x1004166a                aci_gatt_add_service
 i.aci_gatt_allow_read
                0x100416a0        0xc C:\Users\jaume\WiSE-Studio\workspace\BLE_Sensor_Jaume\include\Library\Bluetooth_LE\library\libbluenrg1_stack.a(bluenrg_gatt_aci.o)
                0x100416a0                aci_gatt_allow_read
 i.aci_gatt_init
                0x100416ac        0x8 C:\Users\jaume\WiSE-Studio\workspace\BLE_Sensor_Jaume\include\Library\Bluetooth_LE\library\libbluenrg1_stack.a(bluenrg_gatt_aci.o)
                0x100416ac                aci_gatt_init
 i.aci_gatt_update_char_value_ext
                0x100416b4       0x22 C:\Users\jaume\WiSE-Studio\workspace\BLE_Sensor_Jaume\include\Library\Bluetooth_LE\library\libbluenrg1_stack.a(bluenrg_gatt_aci.o)
                0x100416b4                aci_gatt_update_char_value_ext
 i.aci_hal_set_tx_power_level
                0x100416d6        0x8 C:\Users\jaume\WiSE-Studio\workspace\BLE_Sensor_Jaume\include\Library\Bluetooth_LE\library\libbluenrg1_stack.a(bluenrg_hal_aci.o)
                0x100416d6                aci_hal_set_tx_power_level
 i.aci_hal_write_config_data
                0x100416de        0x8 C:\Users\jaume\WiSE-Studio\workspace\BLE_Sensor_Jaume\include\Library\Bluetooth_LE\library\libbluenrg1_stack.a(bluenrg_hal_aci.o)
                0x100416de                aci_hal_write_config_data
 *fill*         0x100416e6        0x2 
 i.BTLE_StackTick
                0x100416e8       0x84 C:\Users\jaume\WiSE-Studio\workspace\BLE_Sensor_Jaume\include\Library\Bluetooth_LE\library\libbluenrg1_stack.a(bluenrg_main_func.o)
                0x100416e8                BTLE_StackTick
 i.BlueNRG_Stack_Initialization
                0x1004176c       0x44 C:\Users\jaume\WiSE-Studio\workspace\BLE_Sensor_Jaume\include\Library\Bluetooth_LE\library\libbluenrg1_stack.a(bluenrg_main_func.o)
                0x1004176c                BlueNRG_Stack_Initialization
 i.BlueNRG_Stack_Initialize_ConfigData
                0x100417b0       0x64 C:\Users\jaume\WiSE-Studio\workspace\BLE_Sensor_Jaume\include\Library\Bluetooth_LE\library\libbluenrg1_stack.a(bluenrg_main_func.o)
 i.BlueNRG_Stack_Initialize_Layers
                0x10041814       0x8c C:\Users\jaume\WiSE-Studio\workspace\BLE_Sensor_Jaume\include\Library\Bluetooth_LE\library\libbluenrg1_stack.a(bluenrg_main_func.o)
 i.BlueNRG_Stack_Initialize_RAM_check
                0x100418a0       0x80 C:\Users\jaume\WiSE-Studio\workspace\BLE_Sensor_Jaume\include\Library\Bluetooth_LE\library\libbluenrg1_stack.a(bluenrg_main_func.o)
                0x100418a0                BlueNRG_Stack_Initialize_RAM_check
 i.BlueNRG_Stack_Perform_Crystal_Check
                0x10041920       0xc4 C:\Users\jaume\WiSE-Studio\workspace\BLE_Sensor_Jaume\include\Library\Bluetooth_LE\library\libbluenrg1_stack.a(bluenrg_main_func.o)
 i.BlueNRG_Start_Crystal_Measurement
                0x100419e4       0x1c C:\Users\jaume\WiSE-Studio\workspace\BLE_Sensor_Jaume\include\Library\Bluetooth_LE\library\libbluenrg1_stack.a(bluenrg_main_func.o)
 i._BlueNRG_Stack_Initialization
                0x10041a00       0xe8 C:\Users\jaume\WiSE-Studio\workspace\BLE_Sensor_Jaume\include\Library\Bluetooth_LE\library\libbluenrg1_stack.a(bluenrg_main_func.o)
                0x10041a00                _BlueNRG_Stack_Initialization
 i.GAP_Connection_Complete_Handler
                0x10041ae8       0x68 C:\Users\jaume\WiSE-Studio\workspace\BLE_Sensor_Jaume\include\Library\Bluetooth_LE\library\libbluenrg1_stack.a(gap.o)
                0x10041ae8                GAP_Connection_Complete_Handler
 i.GAP_DiscProcTimeoutcb_ucfg
                0x10041b50        0x2 C:\Users\jaume\WiSE-Studio\workspace\BLE_Sensor_Jaume\include\Library\Bluetooth_LE\library\libbluenrg1_stack.a(gap.o)
                0x10041b50                GAP_DiscProcTimeoutcb_ucfg
 *fill*         0x10041b52        0x2 
 i.GAP_Init     0x10041b54      0x1fc C:\Users\jaume\WiSE-Studio\workspace\BLE_Sensor_Jaume\include\Library\Bluetooth_LE\library\libbluenrg1_stack.a(gap.o)
                0x10041b54                GAP_Init
 i.GAP_Init_Context
                0x10041d50       0x14 C:\Users\jaume\WiSE-Studio\workspace\BLE_Sensor_Jaume\include\Library\Bluetooth_LE\library\libbluenrg1_stack.a(gap.o)
                0x10041d50                GAP_Init_Context
 i.GAP_LL_Event_Handler_ISR
                0x10041d64       0x68 C:\Users\jaume\WiSE-Studio\workspace\BLE_Sensor_Jaume\include\Library\Bluetooth_LE\library\libbluenrg1_stack.a(gap.o)
                0x10041d64                GAP_LL_Event_Handler_ISR
 i.GAP_LimDiscTimeoutcb
                0x10041dcc       0x2c C:\Users\jaume\WiSE-Studio\workspace\BLE_Sensor_Jaume\include\Library\Bluetooth_LE\library\libbluenrg1_stack.a(gap.o)
                0x10041dcc                GAP_LimDiscTimeoutcb
 i.GAP_Process_Q
                0x10041df8       0x40 C:\Users\jaume\WiSE-Studio\workspace\BLE_Sensor_Jaume\include\Library\Bluetooth_LE\library\libbluenrg1_stack.a(gap.o)
                0x10041df8                GAP_Process_Q
 i.GAP_Set_Discoverable_Mode
                0x10041e38       0x38 C:\Users\jaume\WiSE-Studio\workspace\BLE_Sensor_Jaume\include\Library\Bluetooth_LE\library\libbluenrg1_stack.a(gap.o)
                0x10041e38                GAP_Set_Discoverable_Mode
 i.GAP_check_and_set_role_ucfg
                0x10041e70       0x1c C:\Users\jaume\WiSE-Studio\workspace\BLE_Sensor_Jaume\include\Library\Bluetooth_LE\library\libbluenrg1_stack.a(gap.o)
                0x10041e70                GAP_check_and_set_role_ucfg
 i.GAP_discover_peer_name_ucfg
                0x10041e8c        0x2 C:\Users\jaume\WiSE-Studio\workspace\BLE_Sensor_Jaume\include\Library\Bluetooth_LE\library\libbluenrg1_stack.a(gap.o)
                0x10041e8c                GAP_discover_peer_name_ucfg
 i.GAP_enable_controller_privacy_ucfg
                0x10041e8e        0x4 C:\Users\jaume\WiSE-Studio\workspace\BLE_Sensor_Jaume\include\Library\Bluetooth_LE\library\libbluenrg1_stack.a(gap.o)
                0x10041e8e                GAP_enable_controller_privacy_ucfg
 *fill*         0x10041e92        0x2 
 i._GAP_Parse_Advertising_Report
                0x10041e94       0x6c C:\Users\jaume\WiSE-Studio\workspace\BLE_Sensor_Jaume\include\Library\Bluetooth_LE\library\libbluenrg1_stack.a(gap.o)
 i._gap_set_discoverable_connectable
                0x10041f00      0x174 C:\Users\jaume\WiSE-Studio\workspace\BLE_Sensor_Jaume\include\Library\Bluetooth_LE\library\libbluenrg1_stack.a(gap.o)
                0x10041f00                _gap_set_discoverable_connectable
 i.aci_gap_limited_discoverable_event_push
                0x10042074       0x50 C:\Users\jaume\WiSE-Studio\workspace\BLE_Sensor_Jaume\include\Library\Bluetooth_LE\library\libbluenrg1_stack.a(gap.o)
 i.aci_gap_proc_complete_event_push
                0x100420c4       0x74 C:\Users\jaume\WiSE-Studio\workspace\BLE_Sensor_Jaume\include\Library\Bluetooth_LE\library\libbluenrg1_stack.a(gap.o)
 i.advParamsCheckAndSet
                0x10042138       0x8c C:\Users\jaume\WiSE-Studio\workspace\BLE_Sensor_Jaume\include\Library\Bluetooth_LE\library\libbluenrg1_stack.a(gap.o)
                0x10042138                advParamsCheckAndSet
 i.gapClearAllModeFlags
                0x100421c4       0x14 C:\Users\jaume\WiSE-Studio\workspace\BLE_Sensor_Jaume\include\Library\Bluetooth_LE\library\libbluenrg1_stack.a(gap.o)
                0x100421c4                gapClearAllModeFlags
 i.setGapAdvData
                0x100421d8      0x104 C:\Users\jaume\WiSE-Studio\workspace\BLE_Sensor_Jaume\include\Library\Bluetooth_LE\library\libbluenrg1_stack.a(gap.o)
                0x100421d8                setGapAdvData
 i.Find_Gatt_Client
                0x100422dc       0x3c C:\Users\jaume\WiSE-Studio\workspace\BLE_Sensor_Jaume\include\Library\Bluetooth_LE\library\libbluenrg1_stack.a(gatt_client.o)
                0x100422dc                Find_Gatt_Client
 i.Build_Notif_Or_Ind
                0x10042318       0x3e C:\Users\jaume\WiSE-Studio\workspace\BLE_Sensor_Jaume\include\Library\Bluetooth_LE\library\libbluenrg1_stack.a(gatt_server.o)
                0x10042318                Build_Notif_Or_Ind
 *fill*         0x10042356        0x2 
 i.Check_For_Service_Change
                0x10042358      0x34c C:\Users\jaume\WiSE-Studio\workspace\BLE_Sensor_Jaume\include\Library\Bluetooth_LE\library\libbluenrg1_stack.a(gatt_server.o)
                0x10042358                Check_For_Service_Change
 i.Find_Attr_Index
                0x100426a4       0x50 C:\Users\jaume\WiSE-Studio\workspace\BLE_Sensor_Jaume\include\Library\Bluetooth_LE\library\libbluenrg1_stack.a(gatt_server.o)
                0x100426a4                Find_Attr_Index
 i.Find_Timed_Out_Connection
                0x100426f4       0x20 C:\Users\jaume\WiSE-Studio\workspace\BLE_Sensor_Jaume\include\Library\Bluetooth_LE\library\libbluenrg1_stack.a(gatt_server.o)
                0x100426f4                Find_Timed_Out_Connection
 i.GATT_Connection_Complete_Handler
                0x10042714       0x44 C:\Users\jaume\WiSE-Studio\workspace\BLE_Sensor_Jaume\include\Library\Bluetooth_LE\library\libbluenrg1_stack.a(gatt_server.o)
                0x10042714                GATT_Connection_Complete_Handler
 i.GATT_Send_Packet
                0x10042758       0x2c C:\Users\jaume\WiSE-Studio\workspace\BLE_Sensor_Jaume\include\Library\Bluetooth_LE\library\libbluenrg1_stack.a(gatt_server.o)
                0x10042758                GATT_Send_Packet
 i.GATT_Server_Set_Flag
                0x10042784       0x18 C:\Users\jaume\WiSE-Studio\workspace\BLE_Sensor_Jaume\include\Library\Bluetooth_LE\library\libbluenrg1_stack.a(gatt_server.o)
 i.GATT_TimeOut_Handler
                0x1004279c       0x1a C:\Users\jaume\WiSE-Studio\workspace\BLE_Sensor_Jaume\include\Library\Bluetooth_LE\library\libbluenrg1_stack.a(gatt_server.o)
                0x1004279c                GATT_TimeOut_Handler
 *fill*         0x100427b6        0x2 
 i.Gatt_Add_Charac_Desc
                0x100427b8      0x160 C:\Users\jaume\WiSE-Studio\workspace\BLE_Sensor_Jaume\include\Library\Bluetooth_LE\library\libbluenrg1_stack.a(gatt_server.o)
                0x100427b8                Gatt_Add_Charac_Desc
 i.Gatt_Add_Characteristic
                0x10042918      0x33c C:\Users\jaume\WiSE-Studio\workspace\BLE_Sensor_Jaume\include\Library\Bluetooth_LE\library\libbluenrg1_stack.a(gatt_server.o)
                0x10042918                Gatt_Add_Characteristic
 i.Gatt_Add_Descriptor
                0x10042c54      0x158 C:\Users\jaume\WiSE-Studio\workspace\BLE_Sensor_Jaume\include\Library\Bluetooth_LE\library\libbluenrg1_stack.a(gatt_server.o)
                0x10042c54                Gatt_Add_Descriptor
 i.Gatt_Add_Service
                0x10042dac      0x160 C:\Users\jaume\WiSE-Studio\workspace\BLE_Sensor_Jaume\include\Library\Bluetooth_LE\library\libbluenrg1_stack.a(gatt_server.o)
                0x10042dac                Gatt_Add_Service
 i.Gatt_Appl_Auth_For_Read
                0x10042f0c       0xe8 C:\Users\jaume\WiSE-Studio\workspace\BLE_Sensor_Jaume\include\Library\Bluetooth_LE\library\libbluenrg1_stack.a(gatt_server.o)
                0x10042f0c                Gatt_Appl_Auth_For_Read
 i.Gatt_Find_Srv_From_Handle
                0x10042ff4       0x2c C:\Users\jaume\WiSE-Studio\workspace\BLE_Sensor_Jaume\include\Library\Bluetooth_LE\library\libbluenrg1_stack.a(gatt_server.o)
                0x10042ff4                Gatt_Find_Srv_From_Handle
 i.Gatt_Find_Srv_Owner_Of_Handle
                0x10043020       0x48 C:\Users\jaume\WiSE-Studio\workspace\BLE_Sensor_Jaume\include\Library\Bluetooth_LE\library\libbluenrg1_stack.a(gatt_server.o)
                0x10043020                Gatt_Find_Srv_Owner_Of_Handle
 i.Gatt_Find_Timed_Out_Connection_Index
                0x10043068       0x38 C:\Users\jaume\WiSE-Studio\workspace\BLE_Sensor_Jaume\include\Library\Bluetooth_LE\library\libbluenrg1_stack.a(gatt_server.o)
                0x10043068                Gatt_Find_Timed_Out_Connection_Index
 i.Gatt_Flush_Pending_AclPacket_Lists
                0x100430a0       0x34 C:\Users\jaume\WiSE-Studio\workspace\BLE_Sensor_Jaume\include\Library\Bluetooth_LE\library\libbluenrg1_stack.a(gatt_server.o)
 i.Gatt_Process_Q
                0x100430d4      0x19c C:\Users\jaume\WiSE-Studio\workspace\BLE_Sensor_Jaume\include\Library\Bluetooth_LE\library\libbluenrg1_stack.a(gatt_server.o)
                0x100430d4                Gatt_Process_Q
 i.Gatt_Reset_To_Closed_State
                0x10043270       0xfc C:\Users\jaume\WiSE-Studio\workspace\BLE_Sensor_Jaume\include\Library\Bluetooth_LE\library\libbluenrg1_stack.a(gatt_server.o)
 i.Gatt_Server_Db_Check
                0x1004336c       0x38 C:\Users\jaume\WiSE-Studio\workspace\BLE_Sensor_Jaume\include\Library\Bluetooth_LE\library\libbluenrg1_stack.a(gatt_server.o)
                0x1004336c                Gatt_Server_Db_Check
 i.Gatt_Server_Init
                0x100433a4      0x194 C:\Users\jaume\WiSE-Studio\workspace\BLE_Sensor_Jaume\include\Library\Bluetooth_LE\library\libbluenrg1_stack.a(gatt_server.o)
                0x100433a4                Gatt_Server_Init
 i.Gatt_Server_L2C_Handler
                0x10043538      0x21c C:\Users\jaume\WiSE-Studio\workspace\BLE_Sensor_Jaume\include\Library\Bluetooth_LE\library\libbluenrg1_stack.a(gatt_server.o)
                0x10043538                Gatt_Server_L2C_Handler
 i.Gatt_Server_L2C_Handler_ISR
                0x10043754       0x4c C:\Users\jaume\WiSE-Studio\workspace\BLE_Sensor_Jaume\include\Library\Bluetooth_LE\library\libbluenrg1_stack.a(gatt_server.o)
                0x10043754                Gatt_Server_L2C_Handler_ISR
 i.Gatt_Store_Server_Database_And_Reset_CCCD
                0x100437a0      0x170 C:\Users\jaume\WiSE-Studio\workspace\BLE_Sensor_Jaume\include\Library\Bluetooth_LE\library\libbluenrg1_stack.a(gatt_server.o)
 i.Gatt_Update_Charac_Value
                0x10043910       0x68 C:\Users\jaume\WiSE-Studio\workspace\BLE_Sensor_Jaume\include\Library\Bluetooth_LE\library\libbluenrg1_stack.a(gatt_server.o)
                0x10043910                Gatt_Update_Charac_Value
 i.Gatt_Update_Charac_Value_Ext
                0x10043978      0x390 C:\Users\jaume\WiSE-Studio\workspace\BLE_Sensor_Jaume\include\Library\Bluetooth_LE\library\libbluenrg1_stack.a(gatt_server.o)
                0x10043978                Gatt_Update_Charac_Value_Ext
 i.Gatt_fetch_handle
                0x10043d08       0x3c C:\Users\jaume\WiSE-Studio\workspace\BLE_Sensor_Jaume\include\Library\Bluetooth_LE\library\libbluenrg1_stack.a(gatt_server.o)
                0x10043d08                Gatt_fetch_handle
 i.Gatt_search_handle
                0x10043d44       0x1e C:\Users\jaume\WiSE-Studio\workspace\BLE_Sensor_Jaume\include\Library\Bluetooth_LE\library\libbluenrg1_stack.a(gatt_server.o)
                0x10043d44                Gatt_search_handle
 *fill*         0x10043d62        0x2 
 i.Gatt_search_service_handle
                0x10043d64       0x30 C:\Users\jaume\WiSE-Studio\workspace\BLE_Sensor_Jaume\include\Library\Bluetooth_LE\library\libbluenrg1_stack.a(gatt_server.o)
                0x10043d64                Gatt_search_service_handle
 i.Ind_Service_Change_Charac
                0x10043d94       0x48 C:\Users\jaume\WiSE-Studio\workspace\BLE_Sensor_Jaume\include\Library\Bluetooth_LE\library\libbluenrg1_stack.a(gatt_server.o)
                0x10043d94                Ind_Service_Change_Charac
 i.Pm_Resize_Host_Acl_Pckt
                0x10043ddc        0xe C:\Users\jaume\WiSE-Studio\workspace\BLE_Sensor_Jaume\include\Library\Bluetooth_LE\library\libbluenrg1_stack.a(gatt_server.o)
 *fill*         0x10043dea        0x2 
 i.Process_Peer_Client_Data
                0x10043dec      0x1f8 C:\Users\jaume\WiSE-Studio\workspace\BLE_Sensor_Jaume\include\Library\Bluetooth_LE\library\libbluenrg1_stack.a(gatt_server.o)
                0x10043dec                Process_Peer_Client_Data
 i.Process_Peer_Server_Data
                0x10043fe4      0x16c C:\Users\jaume\WiSE-Studio\workspace\BLE_Sensor_Jaume\include\Library\Bluetooth_LE\library\libbluenrg1_stack.a(gatt_server.o)
                0x10043fe4                Process_Peer_Server_Data
 i.Select_Next_Notification_Client
                0x10044150       0x50 C:\Users\jaume\WiSE-Studio\workspace\BLE_Sensor_Jaume\include\Library\Bluetooth_LE\library\libbluenrg1_stack.a(gatt_server.o)
                0x10044150                Select_Next_Notification_Client
 i.Send_Notif_Or_Ind
                0x100441a0       0x4c C:\Users\jaume\WiSE-Studio\workspace\BLE_Sensor_Jaume\include\Library\Bluetooth_LE\library\libbluenrg1_stack.a(gatt_server.o)
                0x100441a0                Send_Notif_Or_Ind
 i.aci_gatt_indication_event_push
                0x100441ec       0x90 C:\Users\jaume\WiSE-Studio\workspace\BLE_Sensor_Jaume\include\Library\Bluetooth_LE\library\libbluenrg1_stack.a(gatt_server.o)
 i.aci_gatt_notification_event_push
                0x1004427c       0x90 C:\Users\jaume\WiSE-Studio\workspace\BLE_Sensor_Jaume\include\Library\Bluetooth_LE\library\libbluenrg1_stack.a(gatt_server.o)
 i.aci_hal_fw_error_event_push
                0x1004430c       0x5c C:\Users\jaume\WiSE-Studio\workspace\BLE_Sensor_Jaume\include\Library\Bluetooth_LE\library\libbluenrg1_stack.a(gatt_server.o)
 i.store_data   0x10044368       0x1e C:\Users\jaume\WiSE-Studio\workspace\BLE_Sensor_Jaume\include\Library\Bluetooth_LE\library\libbluenrg1_stack.a(gatt_server.o)
                0x10044368                store_data
 i.__ARM_common_switch8
                0x10044386       0x1a C:\Users\jaume\WiSE-Studio\workspace\BLE_Sensor_Jaume\include\Library\Bluetooth_LE\library\libbluenrg1_stack.a(gatt_server.o)
                0x10044386                __ARM_common_switch8
 i.HAL_Flash_Store_Data
                0x100443a0       0x54 C:\Users\jaume\WiSE-Studio\workspace\BLE_Sensor_Jaume\include\Library\Bluetooth_LE\library\libbluenrg1_stack.a(hal.o)
                0x100443a0                HAL_Flash_Store_Data
 i.HAL_Generate_Random_Bytes_To
                0x100443f4       0x20 C:\Users\jaume\WiSE-Studio\workspace\BLE_Sensor_Jaume\include\Library\Bluetooth_LE\library\libbluenrg1_stack.a(hal.o)
                0x100443f4                HAL_Generate_Random_Bytes_To
 i.HAL_Set_TX_Power_Level
                0x10044414       0x44 C:\Users\jaume\WiSE-Studio\workspace\BLE_Sensor_Jaume\include\Library\Bluetooth_LE\library\libbluenrg1_stack.a(hal.o)
                0x10044414                HAL_Set_TX_Power_Level
 i.HAL_Write_ConfigData
                0x10044458      0x148 C:\Users\jaume\WiSE-Studio\workspace\BLE_Sensor_Jaume\include\Library\Bluetooth_LE\library\libbluenrg1_stack.a(hal.o)
                0x10044458                HAL_Write_ConfigData
 i.Hal_Get_Random_Number
                0x100445a0       0x3a C:\Users\jaume\WiSE-Studio\workspace\BLE_Sensor_Jaume\include\Library\Bluetooth_LE\library\libbluenrg1_stack.a(hal.o)
                0x100445a0                Hal_Get_Random_Number
 i.Hal_Get_Random_Number32
                0x100445da       0x12 C:\Users\jaume\WiSE-Studio\workspace\BLE_Sensor_Jaume\include\Library\Bluetooth_LE\library\libbluenrg1_stack.a(hal.o)
                0x100445da                Hal_Get_Random_Number32
 i.ble_HAL_Init
                0x100445ec       0x1c C:\Users\jaume\WiSE-Studio\workspace\BLE_Sensor_Jaume\include\Library\Bluetooth_LE\library\libbluenrg1_stack.a(hal.o)
                0x100445ec                ble_HAL_Init
 i.char_copy    0x10044608       0x12 C:\Users\jaume\WiSE-Studio\workspace\BLE_Sensor_Jaume\include\Library\Bluetooth_LE\library\libbluenrg1_stack.a(hal.o)
                0x10044608                char_copy
 *fill*         0x1004461a        0x2 
 i.hal_radio_activity_state_callback_check
                0x1004461c       0x34 C:\Users\jaume\WiSE-Studio\workspace\BLE_Sensor_Jaume\include\Library\Bluetooth_LE\library\libbluenrg1_stack.a(hal.o)
                0x1004461c                hal_radio_activity_state_callback_check
 i.hal_radio_activity_state_init
                0x10044650       0x1c C:\Users\jaume\WiSE-Studio\workspace\BLE_Sensor_Jaume\include\Library\Bluetooth_LE\library\libbluenrg1_stack.a(hal.o)
                0x10044650                hal_radio_activity_state_init
 i.hal_read_radio_activity_state
                0x1004466c       0x40 C:\Users\jaume\WiSE-Studio\workspace\BLE_Sensor_Jaume\include\Library\Bluetooth_LE\library\libbluenrg1_stack.a(hal.o)
                0x1004466c                hal_read_radio_activity_state
 i.set_string   0x100446ac       0x10 C:\Users\jaume\WiSE-Studio\workspace\BLE_Sensor_Jaume\include\Library\Bluetooth_LE\library\libbluenrg1_stack.a(hal.o)
                0x100446ac                set_string
 i.Controller_Process_Q
                0x100446bc       0x20 C:\Users\jaume\WiSE-Studio\workspace\BLE_Sensor_Jaume\include\Library\Bluetooth_LE\library\libbluenrg1_stack.a(hci.o)
                0x100446bc                Controller_Process_Q
 i.HCI_Init     0x100446dc       0x6c C:\Users\jaume\WiSE-Studio\workspace\BLE_Sensor_Jaume\include\Library\Bluetooth_LE\library\libbluenrg1_stack.a(hci.o)
                0x100446dc                HCI_Init
 i.PKA_Offline_Processing_ucfg
                0x10044748        0x2 C:\Users\jaume\WiSE-Studio\workspace\BLE_Sensor_Jaume\include\Library\Bluetooth_LE\library\libbluenrg1_stack.a(hci.o)
                0x10044748                PKA_Offline_Processing_ucfg
 i.PRIV_controller_privacy_csr_ucfg
                0x1004474a        0x4 C:\Users\jaume\WiSE-Studio\workspace\BLE_Sensor_Jaume\include\Library\Bluetooth_LE\library\libbluenrg1_stack.a(hci.o)
                0x1004474a                PRIV_controller_privacy_csr_ucfg
 i.data_length_extension_csr_ucfg
                0x1004474e        0x4 C:\Users\jaume\WiSE-Studio\workspace\BLE_Sensor_Jaume\include\Library\Bluetooth_LE\library\libbluenrg1_stack.a(hci.o)
                0x1004474e                data_length_extension_csr_ucfg
 i.hci_le_encrypt
                0x10044752        0xa C:\Users\jaume\WiSE-Studio\workspace\BLE_Sensor_Jaume\include\Library\Bluetooth_LE\library\libbluenrg1_stack.a(hci.o)
                0x10044752                hci_le_encrypt
 i.hci_le_long_term_key_request_reply
                0x1004475c        0xe C:\Users\jaume\WiSE-Studio\workspace\BLE_Sensor_Jaume\include\Library\Bluetooth_LE\library\libbluenrg1_stack.a(hci.o)
                0x1004475c                hci_le_long_term_key_request_reply
 i.hci_le_long_term_key_requested_negative_reply
                0x1004476a        0xe C:\Users\jaume\WiSE-Studio\workspace\BLE_Sensor_Jaume\include\Library\Bluetooth_LE\library\libbluenrg1_stack.a(hci.o)
                0x1004476a                hci_le_long_term_key_requested_negative_reply
 i.hci_le_set_scan_response_data
                0x10044778       0x16 C:\Users\jaume\WiSE-Studio\workspace\BLE_Sensor_Jaume\include\Library\Bluetooth_LE\library\libbluenrg1_stack.a(hci.o)
                0x10044778                hci_le_set_scan_response_data
 *fill*         0x1004478e        0x2 
 i.hci_rx_acl_data
                0x10044790       0x6c C:\Users\jaume\WiSE-Studio\workspace\BLE_Sensor_Jaume\include\Library\Bluetooth_LE\library\libbluenrg1_stack.a(hci.o)
                0x10044790                hci_rx_acl_data
 i.hci_tx_acl_data_done
                0x100447fc       0x44 C:\Users\jaume\WiSE-Studio\workspace\BLE_Sensor_Jaume\include\Library\Bluetooth_LE\library\libbluenrg1_stack.a(hci.o)
                0x100447fc                hci_tx_acl_data_done
 i.HAL_VTimerAcc_sysT32_ms
                0x10044840       0x24 C:\Users\jaume\WiSE-Studio\workspace\BLE_Sensor_Jaume\include\Library\Bluetooth_LE\library\libbluenrg1_stack.a(host_timer.o)
                0x10044840                HAL_VTimerAcc_sysT32_ms
 i.HAL_VTimerGetCurrentTime_sysT32
                0x10044864       0x12 C:\Users\jaume\WiSE-Studio\workspace\BLE_Sensor_Jaume\include\Library\Bluetooth_LE\library\libbluenrg1_stack.a(host_timer.o)
                0x10044864                HAL_VTimerGetCurrentTime_sysT32
 i.HAL_VTimerStart_ms
                0x10044876       0x1a C:\Users\jaume\WiSE-Studio\workspace\BLE_Sensor_Jaume\include\Library\Bluetooth_LE\library\libbluenrg1_stack.a(host_timer.o)
                0x10044876                HAL_VTimerStart_ms
 i.HAL_VTimerStart_sysT32
                0x10044890       0x1a C:\Users\jaume\WiSE-Studio\workspace\BLE_Sensor_Jaume\include\Library\Bluetooth_LE\library\libbluenrg1_stack.a(host_timer.o)
                0x10044890                HAL_VTimerStart_sysT32
 *fill*         0x100448aa        0x2 
 i.Set_Host_Timer_value
                0x100448ac       0x50 C:\Users\jaume\WiSE-Studio\workspace\BLE_Sensor_Jaume\include\Library\Bluetooth_LE\library\libbluenrg1_stack.a(host_timer.o)
                0x100448ac                Set_Host_Timer_value
 i.TimerCallback
                0x100448fc       0x7c C:\Users\jaume\WiSE-Studio\workspace\BLE_Sensor_Jaume\include\Library\Bluetooth_LE\library\libbluenrg1_stack.a(host_timer.o)
 i.Timer_ExpiryCallback
                0x10044978       0x14 C:\Users\jaume\WiSE-Studio\workspace\BLE_Sensor_Jaume\include\Library\Bluetooth_LE\library\libbluenrg1_stack.a(host_timer.o)
                0x10044978                Timer_ExpiryCallback
 i.Timer_Init   0x1004498c       0x34 C:\Users\jaume\WiSE-Studio\workspace\BLE_Sensor_Jaume\include\Library\Bluetooth_LE\library\libbluenrg1_stack.a(host_timer.o)
                0x1004498c                Timer_Init
 i.Timer_ProcessQ
                0x100449c0      0x11c C:\Users\jaume\WiSE-Studio\workspace\BLE_Sensor_Jaume\include\Library\Bluetooth_LE\library\libbluenrg1_stack.a(host_timer.o)
                0x100449c0                Timer_ProcessQ
 i.Timer_StartOneShot
                0x10044adc       0x22 C:\Users\jaume\WiSE-Studio\workspace\BLE_Sensor_Jaume\include\Library\Bluetooth_LE\library\libbluenrg1_stack.a(host_timer.o)
                0x10044adc                Timer_StartOneShot
 *fill*         0x10044afe        0x2 
 i.Timer_StartOneShot_sysTime32
                0x10044b00       0x74 C:\Users\jaume\WiSE-Studio\workspace\BLE_Sensor_Jaume\include\Library\Bluetooth_LE\library\libbluenrg1_stack.a(host_timer.o)
                0x10044b00                Timer_StartOneShot_sysTime32
 i.Timer_StopOneShot
                0x10044b74       0x58 C:\Users\jaume\WiSE-Studio\workspace\BLE_Sensor_Jaume\include\Library\Bluetooth_LE\library\libbluenrg1_stack.a(host_timer.o)
                0x10044b74                Timer_StopOneShot
 i.Timer_sysTime32_convMachineTime
                0x10044bcc       0x24 C:\Users\jaume\WiSE-Studio\workspace\BLE_Sensor_Jaume\include\Library\Bluetooth_LE\library\libbluenrg1_stack.a(host_timer.o)
                0x10044bcc                Timer_sysTime32_convMachineTime
 i.L2C_Build_Command_Reject_Pdu
                0x10044bf0       0x7c C:\Users\jaume\WiSE-Studio\workspace\BLE_Sensor_Jaume\include\Library\Bluetooth_LE\library\libbluenrg1_stack.a(l2cap.o)
                0x10044bf0                L2C_Build_Command_Reject_Pdu
 i.L2C_Connection_Complete_Handler
                0x10044c6c       0x4a C:\Users\jaume\WiSE-Studio\workspace\BLE_Sensor_Jaume\include\Library\Bluetooth_LE\library\libbluenrg1_stack.a(l2cap.o)
                0x10044c6c                L2C_Connection_Complete_Handler
 i.L2C_Connection_Complete_Signal_Handler
                0x10044cb6       0x2a C:\Users\jaume\WiSE-Studio\workspace\BLE_Sensor_Jaume\include\Library\Bluetooth_LE\library\libbluenrg1_stack.a(l2cap.o)
                0x10044cb6                L2C_Connection_Complete_Signal_Handler
 i.L2C_Get_Connection_Info
                0x10044ce0       0x34 C:\Users\jaume\WiSE-Studio\workspace\BLE_Sensor_Jaume\include\Library\Bluetooth_LE\library\libbluenrg1_stack.a(l2cap.o)
 i.L2C_Get_Connection_Info_Index
                0x10044d14       0x30 C:\Users\jaume\WiSE-Studio\workspace\BLE_Sensor_Jaume\include\Library\Bluetooth_LE\library\libbluenrg1_stack.a(l2cap.o)
 i.L2C_Get_PDU_Len
                0x10044d44        0xe C:\Users\jaume\WiSE-Studio\workspace\BLE_Sensor_Jaume\include\Library\Bluetooth_LE\library\libbluenrg1_stack.a(l2cap.o)
                0x10044d44                L2C_Get_PDU_Len
 *fill*         0x10044d52        0x2 
 i.L2C_Init     0x10044d54       0x58 C:\Users\jaume\WiSE-Studio\workspace\BLE_Sensor_Jaume\include\Library\Bluetooth_LE\library\libbluenrg1_stack.a(l2cap.o)
                0x10044d54                L2C_Init
 i.L2C_Mux_Acl_Packet
                0x10044dac       0x58 C:\Users\jaume\WiSE-Studio\workspace\BLE_Sensor_Jaume\include\Library\Bluetooth_LE\library\libbluenrg1_stack.a(l2cap.o)
 i.L2C_Rcv_Data
                0x10044e04       0xcc C:\Users\jaume\WiSE-Studio\workspace\BLE_Sensor_Jaume\include\Library\Bluetooth_LE\library\libbluenrg1_stack.a(l2cap.o)
 i.L2C_Rcv_Event_Handler
                0x10044ed0       0x1e C:\Users\jaume\WiSE-Studio\workspace\BLE_Sensor_Jaume\include\Library\Bluetooth_LE\library\libbluenrg1_stack.a(l2cap.o)
                0x10044ed0                L2C_Rcv_Event_Handler
 i.L2C_Rcv_Event_Handler_ISR
                0x10044eee       0x54 C:\Users\jaume\WiSE-Studio\workspace\BLE_Sensor_Jaume\include\Library\Bluetooth_LE\library\libbluenrg1_stack.a(l2cap.o)
                0x10044eee                L2C_Rcv_Event_Handler_ISR
 *fill*         0x10044f42        0x2 
 i.L2C_Reset_To_Closed_State
                0x10044f44       0x7c C:\Users\jaume\WiSE-Studio\workspace\BLE_Sensor_Jaume\include\Library\Bluetooth_LE\library\libbluenrg1_stack.a(l2cap.o)
 i.L2C_Send_Data
                0x10044fc0       0x4c C:\Users\jaume\WiSE-Studio\workspace\BLE_Sensor_Jaume\include\Library\Bluetooth_LE\library\libbluenrg1_stack.a(l2cap.o)
                0x10044fc0                L2C_Send_Data
 i.L2C_SigChan_Req_TimeOut_Handler
                0x1004500c       0x60 C:\Users\jaume\WiSE-Studio\workspace\BLE_Sensor_Jaume\include\Library\Bluetooth_LE\library\libbluenrg1_stack.a(l2cap.o)
                0x1004500c                L2C_SigChan_Req_TimeOut_Handler
 i.L2C_Signal_Channel_Handler
                0x1004506c      0x1b0 C:\Users\jaume\WiSE-Studio\workspace\BLE_Sensor_Jaume\include\Library\Bluetooth_LE\library\libbluenrg1_stack.a(l2cap.o)
                0x1004506c                L2C_Signal_Channel_Handler
 i.L2C_Signal_Channel_Handler_ISR
                0x1004521c       0x24 C:\Users\jaume\WiSE-Studio\workspace\BLE_Sensor_Jaume\include\Library\Bluetooth_LE\library\libbluenrg1_stack.a(l2cap.o)
                0x1004521c                L2C_Signal_Channel_Handler_ISR
 i.L2C_discard_accumulated_acl_data
                0x10045240       0x5c C:\Users\jaume\WiSE-Studio\workspace\BLE_Sensor_Jaume\include\Library\Bluetooth_LE\library\libbluenrg1_stack.a(l2cap.o)
 i.aci_l2cap_connection_update_req_event_push
                0x1004529c       0x98 C:\Users\jaume\WiSE-Studio\workspace\BLE_Sensor_Jaume\include\Library\Bluetooth_LE\library\libbluenrg1_stack.a(l2cap.o)
 i.Data_Length_Update_Control_ISR_ucfg
                0x10045334        0x4 C:\Users\jaume\WiSE-Studio\workspace\BLE_Sensor_Jaume\include\Library\Bluetooth_LE\library\libbluenrg1_stack.a(ll_isr.o)
                0x10045334                Data_Length_Update_Control_ISR_ucfg
 i.RAL_Isr      0x10045338      0x21c C:\Users\jaume\WiSE-Studio\workspace\BLE_Sensor_Jaume\include\Library\Bluetooth_LE\library\libbluenrg1_stack.a(ll_isr.o)
                0x10045338                RAL_Isr
 i.copy_4_u32   0x10045554       0x12 C:\Users\jaume\WiSE-Studio\workspace\BLE_Sensor_Jaume\include\Library\Bluetooth_LE\library\libbluenrg1_stack.a(ll_isr.o)
                0x10045554                copy_4_u32
 *fill*         0x10045566        0x2 
 i.copy_tx_data_packet
                0x10045568       0x84 C:\Users\jaume\WiSE-Studio\workspace\BLE_Sensor_Jaume\include\Library\Bluetooth_LE\library\libbluenrg1_stack.a(ll_isr.o)
                0x10045568                copy_tx_data_packet
 i.encrypt      0x100455ec       0x74 C:\Users\jaume\WiSE-Studio\workspace\BLE_Sensor_Jaume\include\Library\Bluetooth_LE\library\libbluenrg1_stack.a(ll_isr.o)
                0x100455ec                encrypt
 i.isr_advertise_state
                0x10045660      0x3d0 C:\Users\jaume\WiSE-Studio\workspace\BLE_Sensor_Jaume\include\Library\Bluetooth_LE\library\libbluenrg1_stack.a(ll_isr.o)
 i.isr_connect_slave_state
                0x10045a30      0x7e8 C:\Users\jaume\WiSE-Studio\workspace\BLE_Sensor_Jaume\include\Library\Bluetooth_LE\library\libbluenrg1_stack.a(ll_isr.o)
 i.isr_test_rx_state
                0x10046218       0x38 C:\Users\jaume\WiSE-Studio\workspace\BLE_Sensor_Jaume\include\Library\Bluetooth_LE\library\libbluenrg1_stack.a(ll_isr.o)
 i.isr_test_tx_state
                0x10046250       0x68 C:\Users\jaume\WiSE-Studio\workspace\BLE_Sensor_Jaume\include\Library\Bluetooth_LE\library\libbluenrg1_stack.a(ll_isr.o)
 i.isr_unknown_state
                0x100462b8       0x2c C:\Users\jaume\WiSE-Studio\workspace\BLE_Sensor_Jaume\include\Library\Bluetooth_LE\library\libbluenrg1_stack.a(ll_isr.o)
 i.state_func_call_init_csr_ucfg
                0x100462e4        0x2 C:\Users\jaume\WiSE-Studio\workspace\BLE_Sensor_Jaume\include\Library\Bluetooth_LE\library\libbluenrg1_stack.a(ll_isr.o)
                0x100462e4                state_func_call_init_csr_ucfg
 i.__ARM_common_memcpy1_6
                0x100462e6       0x1a C:\Users\jaume\WiSE-Studio\workspace\BLE_Sensor_Jaume\include\Library\Bluetooth_LE\library\libbluenrg1_stack.a(ll_isr.o)
                0x100462e6                __ARM_common_memcpy1_6
 i.LL_LE_Clear_White_List
                0x10046300       0x28 C:\Users\jaume\WiSE-Studio\workspace\BLE_Sensor_Jaume\include\Library\Bluetooth_LE\library\libbluenrg1_stack.a(ll_privacy.o)
                0x10046300                LL_LE_Clear_White_List
 i.LL_priv_add_to_ConnIDList_ucfg
                0x10046328        0x4 C:\Users\jaume\WiSE-Studio\workspace\BLE_Sensor_Jaume\include\Library\Bluetooth_LE\library\libbluenrg1_stack.a(ll_privacy.o)
                0x10046328                LL_priv_add_to_ConnIDList_ucfg
 i.LL_priv_remove_from_ConnIDList_ucfg
                0x1004632c        0x2 C:\Users\jaume\WiSE-Studio\workspace\BLE_Sensor_Jaume\include\Library\Bluetooth_LE\library\libbluenrg1_stack.a(ll_privacy.o)
                0x1004632c                LL_priv_remove_from_ConnIDList_ucfg
 *fill*         0x1004632e        0x2 
 i.LL_priv_test_address_in_ConnIDList_ucfg
                0x10046330       0x40 C:\Users\jaume\WiSE-Studio\workspace\BLE_Sensor_Jaume\include\Library\Bluetooth_LE\library\libbluenrg1_stack.a(ll_privacy.o)
                0x10046330                LL_priv_test_address_in_ConnIDList_ucfg
 i.PRIVWHIT_u8SearchAddrInList
                0x10046370       0xa0 C:\Users\jaume\WiSE-Studio\workspace\BLE_Sensor_Jaume\include\Library\Bluetooth_LE\library\libbluenrg1_stack.a(ll_privacy.o)
                0x10046370                PRIVWHIT_u8SearchAddrInList
 i.PRIVWHIT_vInit_Struct
                0x10046410       0xd4 C:\Users\jaume\WiSE-Studio\workspace\BLE_Sensor_Jaume\include\Library\Bluetooth_LE\library\libbluenrg1_stack.a(ll_privacy.o)
                0x10046410                PRIVWHIT_vInit_Struct
 i.PRIV_SearchAddrInEachList
                0x100464e4       0xa0 C:\Users\jaume\WiSE-Studio\workspace\BLE_Sensor_Jaume\include\Library\Bluetooth_LE\library\libbluenrg1_stack.a(ll_privacy.o)
 i.PRIV_SearchAddrInWhiteList
                0x10046584       0x18 C:\Users\jaume\WiSE-Studio\workspace\BLE_Sensor_Jaume\include\Library\Bluetooth_LE\library\libbluenrg1_stack.a(ll_privacy.o)
                0x10046584                PRIV_SearchAddrInWhiteList
 i.PRIV_u32ProcessAdvPacket_ucfg
                0x1004659c        0x4 C:\Users\jaume\WiSE-Studio\workspace\BLE_Sensor_Jaume\include\Library\Bluetooth_LE\library\libbluenrg1_stack.a(ll_privacy.o)
                0x1004659c                PRIV_u32ProcessAdvPacket_ucfg
 i.PRIV_u8OfflineProcessing_ucfg
                0x100465a0        0x4 C:\Users\jaume\WiSE-Studio\workspace\BLE_Sensor_Jaume\include\Library\Bluetooth_LE\library\libbluenrg1_stack.a(ll_privacy.o)
                0x100465a0                PRIV_u8OfflineProcessing_ucfg
 i.PRIV_vGeneratePrivateAddress_ucfg
                0x100465a4        0x2 C:\Users\jaume\WiSE-Studio\workspace\BLE_Sensor_Jaume\include\Library\Bluetooth_LE\library\libbluenrg1_stack.a(ll_privacy.o)
                0x100465a4                PRIV_vGeneratePrivateAddress_ucfg
 i.PRIV_vGenerate_hci_le_enhanced_connection_complete_event_ucfg
                0x100465a6        0x2 C:\Users\jaume\WiSE-Studio\workspace\BLE_Sensor_Jaume\include\Library\Bluetooth_LE\library\libbluenrg1_stack.a(ll_privacy.o)
                0x100465a6                PRIV_vGenerate_hci_le_enhanced_connection_complete_event_ucfg
 i.Data_Len_Update_Offline_Processing_ucfg
                0x100465a8        0x2 C:\Users\jaume\WiSE-Studio\workspace\BLE_Sensor_Jaume\include\Library\Bluetooth_LE\library\libbluenrg1_stack.a(ll_routines.o)
                0x100465a8                Data_Len_Update_Offline_Processing_ucfg
 *fill*         0x100465aa        0x2 
 i.Disconnection_Offline_Processing
                0x100465ac       0x48 C:\Users\jaume\WiSE-Studio\workspace\BLE_Sensor_Jaume\include\Library\Bluetooth_LE\library\libbluenrg1_stack.a(ll_routines.o)
                0x100465ac                Disconnection_Offline_Processing
 i.LL_Data_Length_Change_Event_ucfg
                0x100465f4        0x4 C:\Users\jaume\WiSE-Studio\workspace\BLE_Sensor_Jaume\include\Library\Bluetooth_LE\library\libbluenrg1_stack.a(ll_routines.o)
                0x100465f4                LL_Data_Length_Change_Event_ucfg
 i.LL_Disconnect_Link
                0x100465f8       0x3c C:\Users\jaume\WiSE-Studio\workspace\BLE_Sensor_Jaume\include\Library\Bluetooth_LE\library\libbluenrg1_stack.a(ll_routines.o)
                0x100465f8                LL_Disconnect_Link
 i.LL_Send_Disconnection_Req
                0x10046634       0xa4 C:\Users\jaume\WiSE-Studio\workspace\BLE_Sensor_Jaume\include\Library\Bluetooth_LE\library\libbluenrg1_stack.a(ll_routines.o)
                0x10046634                LL_Send_Disconnection_Req
 i.LL_Send_Length_Resp_ucfg
                0x100466d8        0x4 C:\Users\jaume\WiSE-Studio\workspace\BLE_Sensor_Jaume\include\Library\Bluetooth_LE\library\libbluenrg1_stack.a(ll_routines.o)
                0x100466d8                LL_Send_Length_Resp_ucfg
 i.ll_write_supported_data_ucfg
                0x100466dc        0x4 C:\Users\jaume\WiSE-Studio\workspace\BLE_Sensor_Jaume\include\Library\Bluetooth_LE\library\libbluenrg1_stack.a(ll_routines.o)
                0x100466dc                ll_write_supported_data_ucfg
 i.read_rssi    0x100466e0       0x7c C:\Users\jaume\WiSE-Studio\workspace\BLE_Sensor_Jaume\include\Library\Bluetooth_LE\library\libbluenrg1_stack.a(ll_routines.o)
                0x100466e0                read_rssi
 i.hci_encryption_change_event_push
                0x1004675c       0x5c C:\Users\jaume\WiSE-Studio\workspace\BLE_Sensor_Jaume\include\Library\Bluetooth_LE\library\libbluenrg1_stack.a(ll_routines_master.o)
 i.hci_encryption_key_refresh_complete_event_push
                0x100467b8       0x58 C:\Users\jaume\WiSE-Studio\workspace\BLE_Sensor_Jaume\include\Library\Bluetooth_LE\library\libbluenrg1_stack.a(ll_routines_master.o)
 i.hci_le_connection_complete_event_push
                0x10046810       0x88 C:\Users\jaume\WiSE-Studio\workspace\BLE_Sensor_Jaume\include\Library\Bluetooth_LE\library\libbluenrg1_stack.a(ll_routines_master.o)
 i.hci_le_connection_update_complete_event_push
                0x10046898       0x6c C:\Users\jaume\WiSE-Studio\workspace\BLE_Sensor_Jaume\include\Library\Bluetooth_LE\library\libbluenrg1_stack.a(ll_routines_master.o)
 i.isr_event_handler
                0x10046904      0x660 C:\Users\jaume\WiSE-Studio\workspace\BLE_Sensor_Jaume\include\Library\Bluetooth_LE\library\libbluenrg1_stack.a(ll_routines_master.o)
                0x10046904                isr_event_handler
 i.isr_event_handler_scan_data_ucfg
                0x10046f64        0x2 C:\Users\jaume\WiSE-Studio\workspace\BLE_Sensor_Jaume\include\Library\Bluetooth_LE\library\libbluenrg1_stack.a(ll_routines_master.o)
                0x10046f64                isr_event_handler_scan_data_ucfg
 *fill*         0x10046f66        0x2 
 i.LL_Encrypt_Plain_Data_ucfg
                0x10046f68       0xa0 C:\Users\jaume\WiSE-Studio\workspace\BLE_Sensor_Jaume\include\Library\Bluetooth_LE\library\libbluenrg1_stack.a(ll_routines_support.o)
                0x10046f68                LL_Encrypt_Plain_Data_ucfg
 i.LL_Set_LTK   0x10047008       0x9c C:\Users\jaume\WiSE-Studio\workspace\BLE_Sensor_Jaume\include\Library\Bluetooth_LE\library\libbluenrg1_stack.a(ll_routines_support.o)
                0x10047008                LL_Set_LTK
 i.Dynamic_allocator
                0x100470a4      0x278 C:\Users\jaume\WiSE-Studio\workspace\BLE_Sensor_Jaume\include\Library\Bluetooth_LE\library\libbluenrg1_stack.a(mem_alloc.o)
                0x100470a4                Dynamic_allocator
 i.Dynamic_allocator_noRet
                0x1004731c        0x2 C:\Users\jaume\WiSE-Studio\workspace\BLE_Sensor_Jaume\include\Library\Bluetooth_LE\library\libbluenrg1_stack.a(mem_alloc.o)
                0x1004731c                Dynamic_allocator_noRet
 i.Mem_assign   0x1004731e       0x16 C:\Users\jaume\WiSE-Studio\workspace\BLE_Sensor_Jaume\include\Library\Bluetooth_LE\library\libbluenrg1_stack.a(mem_alloc.o)
 i.mem_alloc_ctx_init
                0x10047334       0xb8 C:\Users\jaume\WiSE-Studio\workspace\BLE_Sensor_Jaume\include\Library\Bluetooth_LE\library\libbluenrg1_stack.a(mem_alloc.o)
                0x10047334                mem_alloc_ctx_init
 i.Mem_Buff_Append
                0x100473ec       0x12 C:\Users\jaume\WiSE-Studio\workspace\BLE_Sensor_Jaume\include\Library\Bluetooth_LE\library\libbluenrg1_stack.a(mem_buff.o)
                0x100473ec                Mem_Buff_Append
 i.Mem_Buff_Block_Copy
                0x100473fe       0x48 C:\Users\jaume\WiSE-Studio\workspace\BLE_Sensor_Jaume\include\Library\Bluetooth_LE\library\libbluenrg1_stack.a(mem_buff.o)
                0x100473fe                Mem_Buff_Block_Copy
 i.Mem_Buff_Block_Write
                0x10047446       0x56 C:\Users\jaume\WiSE-Studio\workspace\BLE_Sensor_Jaume\include\Library\Bluetooth_LE\library\libbluenrg1_stack.a(mem_buff.o)
                0x10047446                Mem_Buff_Block_Write
 i.Mem_Buff_Clone
                0x1004749c       0x32 C:\Users\jaume\WiSE-Studio\workspace\BLE_Sensor_Jaume\include\Library\Bluetooth_LE\library\libbluenrg1_stack.a(mem_buff.o)
                0x1004749c                Mem_Buff_Clone
 i.Mem_Buff_Cmp
                0x100474ce       0x78 C:\Users\jaume\WiSE-Studio\workspace\BLE_Sensor_Jaume\include\Library\Bluetooth_LE\library\libbluenrg1_stack.a(mem_buff.o)
                0x100474ce                Mem_Buff_Cmp
 i.Mem_Buff_Compact
                0x10047546       0xba C:\Users\jaume\WiSE-Studio\workspace\BLE_Sensor_Jaume\include\Library\Bluetooth_LE\library\libbluenrg1_stack.a(mem_buff.o)
                0x10047546                Mem_Buff_Compact
 i.Mem_Buff_Get
                0x10047600       0x2e C:\Users\jaume\WiSE-Studio\workspace\BLE_Sensor_Jaume\include\Library\Bluetooth_LE\library\libbluenrg1_stack.a(mem_buff.o)
                0x10047600                Mem_Buff_Get
 i.Mem_Buff_Get_Chain_Count
                0x1004762e       0x14 C:\Users\jaume\WiSE-Studio\workspace\BLE_Sensor_Jaume\include\Library\Bluetooth_LE\library\libbluenrg1_stack.a(mem_buff.o)
                0x1004762e                Mem_Buff_Get_Chain_Count
 i.Mem_Buff_Get_Chain_Size
                0x10047642       0x14 C:\Users\jaume\WiSE-Studio\workspace\BLE_Sensor_Jaume\include\Library\Bluetooth_LE\library\libbluenrg1_stack.a(mem_buff.o)
                0x10047642                Mem_Buff_Get_Chain_Size
 i.Mem_Buff_Init
                0x10047656       0x6a C:\Users\jaume\WiSE-Studio\workspace\BLE_Sensor_Jaume\include\Library\Bluetooth_LE\library\libbluenrg1_stack.a(mem_buff.o)
                0x10047656                Mem_Buff_Init
 i.Mem_Buff_Read
                0x100476c0       0x62 C:\Users\jaume\WiSE-Studio\workspace\BLE_Sensor_Jaume\include\Library\Bluetooth_LE\library\libbluenrg1_stack.a(mem_buff.o)
                0x100476c0                Mem_Buff_Read
 i.Mem_Buff_Release
                0x10047722       0x36 C:\Users\jaume\WiSE-Studio\workspace\BLE_Sensor_Jaume\include\Library\Bluetooth_LE\library\libbluenrg1_stack.a(mem_buff.o)
                0x10047722                Mem_Buff_Release
 i.Mem_Buff_Resize
                0x10047758       0x8e C:\Users\jaume\WiSE-Studio\workspace\BLE_Sensor_Jaume\include\Library\Bluetooth_LE\library\libbluenrg1_stack.a(mem_buff.o)
                0x10047758                Mem_Buff_Resize
 i.Mem_Buff_Write
                0x100477e6       0x68 C:\Users\jaume\WiSE-Studio\workspace\BLE_Sensor_Jaume\include\Library\Bluetooth_LE\library\libbluenrg1_stack.a(mem_buff.o)
                0x100477e6                Mem_Buff_Write
 *fill*         0x1004784e        0x2 
 i.adapt_slot   0x10047850      0x260 C:\Users\jaume\WiSE-Studio\workspace\BLE_Sensor_Jaume\include\Library\Bluetooth_LE\library\libbluenrg1_stack.a(multi_master_time.o)
 i.advance_slave_timing_MultiSlave
                0x10047ab0      0x2d0 C:\Users\jaume\WiSE-Studio\workspace\BLE_Sensor_Jaume\include\Library\Bluetooth_LE\library\libbluenrg1_stack.a(multi_master_time.o)
                0x10047ab0                advance_slave_timing_MultiSlave
 i.cancel_current_master
                0x10047d80      0x1a8 C:\Users\jaume\WiSE-Studio\workspace\BLE_Sensor_Jaume\include\Library\Bluetooth_LE\library\libbluenrg1_stack.a(multi_master_time.o)
                0x10047d80                cancel_current_master
 i.get_advertiser
                0x10047f28       0x48 C:\Users\jaume\WiSE-Studio\workspace\BLE_Sensor_Jaume\include\Library\Bluetooth_LE\library\libbluenrg1_stack.a(multi_master_time.o)
                0x10047f28                get_advertiser
 i.get_connection_no
                0x10047f70       0x88 C:\Users\jaume\WiSE-Studio\workspace\BLE_Sensor_Jaume\include\Library\Bluetooth_LE\library\libbluenrg1_stack.a(multi_master_time.o)
                0x10047f70                get_connection_no
 i.get_next_free_slot
                0x10047ff8       0x34 C:\Users\jaume\WiSE-Studio\workspace\BLE_Sensor_Jaume\include\Library\Bluetooth_LE\library\libbluenrg1_stack.a(multi_master_time.o)
                0x10047ff8                get_next_free_slot
 i.get_scan_connection
                0x1004802c       0x48 C:\Users\jaume\WiSE-Studio\workspace\BLE_Sensor_Jaume\include\Library\Bluetooth_LE\library\libbluenrg1_stack.a(multi_master_time.o)
                0x1004802c                get_scan_connection
 i.is_slave     0x10048074       0x34 C:\Users\jaume\WiSE-Studio\workspace\BLE_Sensor_Jaume\include\Library\Bluetooth_LE\library\libbluenrg1_stack.a(multi_master_time.o)
                0x10048074                is_slave
 i.nsar_init    0x100480a8       0x18 C:\Users\jaume\WiSE-Studio\workspace\BLE_Sensor_Jaume\include\Library\Bluetooth_LE\library\libbluenrg1_stack.a(multi_master_time.o)
                0x100480a8                nsar_init
 i.nsar_insertSlotListEntry
                0x100480c0       0x1c C:\Users\jaume\WiSE-Studio\workspace\BLE_Sensor_Jaume\include\Library\Bluetooth_LE\library\libbluenrg1_stack.a(multi_master_time.o)
 i.nsar_searchBestFreeSlot
                0x100480dc       0xc0 C:\Users\jaume\WiSE-Studio\workspace\BLE_Sensor_Jaume\include\Library\Bluetooth_LE\library\libbluenrg1_stack.a(multi_master_time.o)
 i.nsar_updateBestFreeSlot
                0x1004819c       0x22 C:\Users\jaume\WiSE-Studio\workspace\BLE_Sensor_Jaume\include\Library\Bluetooth_LE\library\libbluenrg1_stack.a(multi_master_time.o)
 *fill*         0x100481be        0x2 
 i.nsar_updateSlotListEntry
                0x100481c0       0x6c C:\Users\jaume\WiSE-Studio\workspace\BLE_Sensor_Jaume\include\Library\Bluetooth_LE\library\libbluenrg1_stack.a(multi_master_time.o)
 i.schedule_advertise_slot
                0x1004822c       0xb0 C:\Users\jaume\WiSE-Studio\workspace\BLE_Sensor_Jaume\include\Library\Bluetooth_LE\library\libbluenrg1_stack.a(multi_master_time.o)
                0x1004822c                schedule_advertise_slot
 i.start_timebase
                0x100482dc       0xd0 C:\Users\jaume\WiSE-Studio\workspace\BLE_Sensor_Jaume\include\Library\Bluetooth_LE\library\libbluenrg1_stack.a(multi_master_time.o)
                0x100482dc                start_timebase
 i.swap_u16     0x100483ac        0xa C:\Users\jaume\WiSE-Studio\workspace\BLE_Sensor_Jaume\include\Library\Bluetooth_LE\library\libbluenrg1_stack.a(multi_master_time.o)
 *fill*         0x100483b6        0x2 
 i.timebase_start_connect
                0x100483b8       0x38 C:\Users\jaume\WiSE-Studio\workspace\BLE_Sensor_Jaume\include\Library\Bluetooth_LE\library\libbluenrg1_stack.a(multi_master_time.o)
                0x100483b8                timebase_start_connect
 i.Flash_Write_Flagged
                0x100483f0       0x3c C:\Users\jaume\WiSE-Studio\workspace\BLE_Sensor_Jaume\include\Library\Bluetooth_LE\library\libbluenrg1_stack.a(nvm.o)
                0x100483f0                Flash_Write_Flagged
 i.Is_Flash_Write_On_Going
                0x1004842c       0x10 C:\Users\jaume\WiSE-Studio\workspace\BLE_Sensor_Jaume\include\Library\Bluetooth_LE\library\libbluenrg1_stack.a(nvm.o)
                0x1004842c                Is_Flash_Write_On_Going
 i.PM_Check_And_Set
                0x1004843c       0x50 C:\Users\jaume\WiSE-Studio\workspace\BLE_Sensor_Jaume\include\Library\Bluetooth_LE\library\libbluenrg1_stack.a(pm.o)
 i.PM_Clone_Pckt
                0x1004848c       0x22 C:\Users\jaume\WiSE-Studio\workspace\BLE_Sensor_Jaume\include\Library\Bluetooth_LE\library\libbluenrg1_stack.a(pm.o)
                0x1004848c                PM_Clone_Pckt
 *fill*         0x100484ae        0x2 
 i.PM_Compact   0x100484b0       0x54 C:\Users\jaume\WiSE-Studio\workspace\BLE_Sensor_Jaume\include\Library\Bluetooth_LE\library\libbluenrg1_stack.a(pm.o)
                0x100484b0                PM_Compact
 i.PM_Copy_Pckt_Data
                0x10048504       0x12 C:\Users\jaume\WiSE-Studio\workspace\BLE_Sensor_Jaume\include\Library\Bluetooth_LE\library\libbluenrg1_stack.a(pm.o)
                0x10048504                PM_Copy_Pckt_Data
 *fill*         0x10048516        0x2 
 i.PM_Eng_Config
                0x10048518       0x18 C:\Users\jaume\WiSE-Studio\workspace\BLE_Sensor_Jaume\include\Library\Bluetooth_LE\library\libbluenrg1_stack.a(pm.o)
                0x10048518                PM_Eng_Config
 i.PM_Extract_Pdu_MBuff
                0x10048530        0xc C:\Users\jaume\WiSE-Studio\workspace\BLE_Sensor_Jaume\include\Library\Bluetooth_LE\library\libbluenrg1_stack.a(pm.o)
                0x10048530                PM_Extract_Pdu_MBuff
 i.PM_Get_Available_Buffer
                0x1004853c       0x3c C:\Users\jaume\WiSE-Studio\workspace\BLE_Sensor_Jaume\include\Library\Bluetooth_LE\library\libbluenrg1_stack.a(pm.o)
                0x1004853c                PM_Get_Available_Buffer
 i.PM_Get_Mem_Buff_Count
                0x10048578        0xa C:\Users\jaume\WiSE-Studio\workspace\BLE_Sensor_Jaume\include\Library\Bluetooth_LE\library\libbluenrg1_stack.a(pm.o)
                0x10048578                PM_Get_Mem_Buff_Count
 *fill*         0x10048582        0x2 
 i.PM_Get_Pckt  0x10048584       0x44 C:\Users\jaume\WiSE-Studio\workspace\BLE_Sensor_Jaume\include\Library\Bluetooth_LE\library\libbluenrg1_stack.a(pm.o)
                0x10048584                PM_Get_Pckt
 i.PM_Init      0x100485c8       0x68 C:\Users\jaume\WiSE-Studio\workspace\BLE_Sensor_Jaume\include\Library\Bluetooth_LE\library\libbluenrg1_stack.a(pm.o)
                0x100485c8                PM_Init
 i.PM_Pckt_Cmp  0x10048630        0xa C:\Users\jaume\WiSE-Studio\workspace\BLE_Sensor_Jaume\include\Library\Bluetooth_LE\library\libbluenrg1_stack.a(pm.o)
                0x10048630                PM_Pckt_Cmp
 *fill*         0x1004863a        0x2 
 i.PM_Release_Acl_Pckt
                0x1004863c       0x3c C:\Users\jaume\WiSE-Studio\workspace\BLE_Sensor_Jaume\include\Library\Bluetooth_LE\library\libbluenrg1_stack.a(pm.o)
                0x1004863c                PM_Release_Acl_Pckt
 i.PM_Resize_Pckt_Pdu_Size
                0x10048678       0x6c C:\Users\jaume\WiSE-Studio\workspace\BLE_Sensor_Jaume\include\Library\Bluetooth_LE\library\libbluenrg1_stack.a(pm.o)
                0x10048678                PM_Resize_Pckt_Pdu_Size
 i.PM_Write_Pckt_Data
                0x100486e4       0x12 C:\Users\jaume\WiSE-Studio\workspace\BLE_Sensor_Jaume\include\Library\Bluetooth_LE\library\libbluenrg1_stack.a(pm.o)
                0x100486e4                PM_Write_Pckt_Data
 i.Accu_Handles_Requiring_Auth
                0x100486f6       0x6e C:\Users\jaume\WiSE-Studio\workspace\BLE_Sensor_Jaume\include\Library\Bluetooth_LE\library\libbluenrg1_stack.a(rom_att.o)
                0x100486f6                Accu_Handles_Requiring_Auth
 i.Accu_UuidTypes_Requiring_Auth
                0x10048764       0xea C:\Users\jaume\WiSE-Studio\workspace\BLE_Sensor_Jaume\include\Library\Bluetooth_LE\library\libbluenrg1_stack.a(rom_att.o)
                0x10048764                Accu_UuidTypes_Requiring_Auth
 *fill*         0x1004884e        0x2 
 i.GAP_Privacy1v2
                0x10048850      0x1e0 C:\Users\jaume\WiSE-Studio\workspace\BLE_Sensor_Jaume\include\Library\Bluetooth_LE\library\libbluenrg1_stack.a(rom_gap.o)
                0x10048850                GAP_Privacy1v2
 i.GAP_PrivateAddrTimercb
                0x10048a30       0x48 C:\Users\jaume\WiSE-Studio\workspace\BLE_Sensor_Jaume\include\Library\Bluetooth_LE\library\libbluenrg1_stack.a(rom_gap.o)
                0x10048a30                GAP_PrivateAddrTimercb
 i.GapIsPrivacySupported
                0x10048a78       0x14 C:\Users\jaume\WiSE-Studio\workspace\BLE_Sensor_Jaume\include\Library\Bluetooth_LE\library\libbluenrg1_stack.a(rom_gap.o)
                0x10048a78                GapIsPrivacySupported
 i.Generate_Non_Resolvable_Private_Address
                0x10048a8c       0x88 C:\Users\jaume\WiSE-Studio\workspace\BLE_Sensor_Jaume\include\Library\Bluetooth_LE\library\libbluenrg1_stack.a(rom_gap.o)
                0x10048a8c                Generate_Non_Resolvable_Private_Address
 i.GAP_Notify_Add_Charac
                0x10048b14       0x70 C:\Users\jaume\WiSE-Studio\workspace\BLE_Sensor_Jaume\include\Library\Bluetooth_LE\library\libbluenrg1_stack.a(rom_gap_rom.o)
                0x10048b14                GAP_Notify_Add_Charac
 i.GAP_Terminate_Link
                0x10048b84        0x8 C:\Users\jaume\WiSE-Studio\workspace\BLE_Sensor_Jaume\include\Library\Bluetooth_LE\library\libbluenrg1_stack.a(rom_gap_rom.o)
                0x10048b84                GAP_Terminate_Link
 i.Get_GAP_Handle
                0x10048b8c       0x10 C:\Users\jaume\WiSE-Studio\workspace\BLE_Sensor_Jaume\include\Library\Bluetooth_LE\library\libbluenrg1_stack.a(rom_gap_rom.o)
                0x10048b8c                Get_GAP_Handle
 i.Get_StaticRandAddr
                0x10048b9c       0x14 C:\Users\jaume\WiSE-Studio\workspace\BLE_Sensor_Jaume\include\Library\Bluetooth_LE\library\libbluenrg1_stack.a(rom_gap_rom.o)
                0x10048b9c                Get_StaticRandAddr
 i.Check_Encry_Key_Size
                0x10048bb0       0x18 C:\Users\jaume\WiSE-Studio\workspace\BLE_Sensor_Jaume\include\Library\Bluetooth_LE\library\libbluenrg1_stack.a(rom_gatt_server.o)
                0x10048bb0                Check_Encry_Key_Size
 i.GATT_Num_Charac_Present
                0x10048bc8       0x3a C:\Users\jaume\WiSE-Studio\workspace\BLE_Sensor_Jaume\include\Library\Bluetooth_LE\library\libbluenrg1_stack.a(rom_gatt_server.o)
                0x10048bc8                GATT_Num_Charac_Present
 *fill*         0x10048c02        0x2 
 i.Start_Gatt_Timer
                0x10048c04       0x24 C:\Users\jaume\WiSE-Studio\workspace\BLE_Sensor_Jaume\include\Library\Bluetooth_LE\library\libbluenrg1_stack.a(rom_gatt_server.o)
                0x10048c04                Start_Gatt_Timer
 i.Stop_Gatt_Timer
                0x10048c28       0x1c C:\Users\jaume\WiSE-Studio\workspace\BLE_Sensor_Jaume\include\Library\Bluetooth_LE\library\libbluenrg1_stack.a(rom_gatt_server.o)
                0x10048c28                Stop_Gatt_Timer
 i.List_Circular_Get_Size
                0x10048c44       0x14 C:\Users\jaume\WiSE-Studio\workspace\BLE_Sensor_Jaume\include\Library\Bluetooth_LE\library\libbluenrg1_stack.a(rom_list.o)
                0x10048c44                List_Circular_Get_Size
 i.List_Circular_Insert_Tail
                0x10048c58        0xe C:\Users\jaume\WiSE-Studio\workspace\BLE_Sensor_Jaume\include\Library\Bluetooth_LE\library\libbluenrg1_stack.a(rom_list.o)
                0x10048c58                List_Circular_Insert_Tail
 i.List_Circular_Node_Present
                0x10048c66       0x16 C:\Users\jaume\WiSE-Studio\workspace\BLE_Sensor_Jaume\include\Library\Bluetooth_LE\library\libbluenrg1_stack.a(rom_list.o)
                0x10048c66                List_Circular_Node_Present
 i.List_Circular_Remove_Head
                0x10048c7c       0x1a C:\Users\jaume\WiSE-Studio\workspace\BLE_Sensor_Jaume\include\Library\Bluetooth_LE\library\libbluenrg1_stack.a(rom_list.o)
                0x10048c7c                List_Circular_Remove_Head
 i.List_Circular_Remove_Node
                0x10048c96       0x20 C:\Users\jaume\WiSE-Studio\workspace\BLE_Sensor_Jaume\include\Library\Bluetooth_LE\library\libbluenrg1_stack.a(rom_list.o)
                0x10048c96                List_Circular_Remove_Node
 *fill*         0x10048cb6        0x2 
 i.isr_postproc1
                0x10048cb8      0x110 C:\Users\jaume\WiSE-Studio\workspace\BLE_Sensor_Jaume\include\Library\Bluetooth_LE\library\libbluenrg1_stack.a(rom_ll_isr_postproc.o)
                0x10048cb8                isr_postproc1
 i.isr_postproc_encrypt_data
                0x10048dc8       0x16 C:\Users\jaume\WiSE-Studio\workspace\BLE_Sensor_Jaume\include\Library\Bluetooth_LE\library\libbluenrg1_stack.a(rom_ll_isr_postproc.o)
                0x10048dc8                isr_postproc_encrypt_data
 i.wait_for_aes_ready
                0x10048dde       0x24 C:\Users\jaume\WiSE-Studio\workspace\BLE_Sensor_Jaume\include\Library\Bluetooth_LE\library\libbluenrg1_stack.a(rom_ll_isr_postproc.o)
 *fill*         0x10048e02        0x2 
 i.LL_update_proc
                0x10048e04       0xa0 C:\Users\jaume\WiSE-Studio\workspace\BLE_Sensor_Jaume\include\Library\Bluetooth_LE\library\libbluenrg1_stack.a(rom_ll_isr_routines.o)
                0x10048e04                LL_update_proc
 i.addr_u32_from_u8
                0x10048ea4       0x1e C:\Users\jaume\WiSE-Studio\workspace\BLE_Sensor_Jaume\include\Library\Bluetooth_LE\library\libbluenrg1_stack.a(rom_ll_isr_routines.o)
 i.cancel_connect_master_ucfg
                0x10048ec2        0x4 C:\Users\jaume\WiSE-Studio\workspace\BLE_Sensor_Jaume\include\Library\Bluetooth_LE\library\libbluenrg1_stack.a(rom_ll_isr_routines.o)
                0x10048ec2                cancel_connect_master_ucfg
 *fill*         0x10048ec6        0x2 
 i.cancel_master
                0x10048ec8       0x80 C:\Users\jaume\WiSE-Studio\workspace\BLE_Sensor_Jaume\include\Library\Bluetooth_LE\library\libbluenrg1_stack.a(rom_ll_isr_routines.o)
                0x10048ec8                cancel_master
 i.get_adv_addr
                0x10048f48       0x14 C:\Users\jaume\WiSE-Studio\workspace\BLE_Sensor_Jaume\include\Library\Bluetooth_LE\library\libbluenrg1_stack.a(rom_ll_isr_routines.o)
                0x10048f48                get_adv_addr
 i.get_scan_addr
                0x10048f5c       0x14 C:\Users\jaume\WiSE-Studio\workspace\BLE_Sensor_Jaume\include\Library\Bluetooth_LE\library\libbluenrg1_stack.a(rom_ll_isr_routines.o)
                0x10048f5c                get_scan_addr
 i.go_to_connect
                0x10048f70      0x29c C:\Users\jaume\WiSE-Studio\workspace\BLE_Sensor_Jaume\include\Library\Bluetooth_LE\library\libbluenrg1_stack.a(rom_ll_isr_routines.o)
                0x10048f70                go_to_connect
 i.le2ByteToInt16
                0x1004920c        0xa C:\Users\jaume\WiSE-Studio\workspace\BLE_Sensor_Jaume\include\Library\Bluetooth_LE\library\libbluenrg1_stack.a(rom_ll_isr_routines.o)
 i.le4ByteToInt32
                0x10049216       0x16 C:\Users\jaume\WiSE-Studio\workspace\BLE_Sensor_Jaume\include\Library\Bluetooth_LE\library\libbluenrg1_stack.a(rom_ll_isr_routines.o)
 i.unpack_channel_map
                0x1004922c       0x2e C:\Users\jaume\WiSE-Studio\workspace\BLE_Sensor_Jaume\include\Library\Bluetooth_LE\library\libbluenrg1_stack.a(rom_ll_isr_routines.o)
                0x1004922c                unpack_channel_map
 i.unpack_update_request
                0x1004925a       0x48 C:\Users\jaume\WiSE-Studio\workspace\BLE_Sensor_Jaume\include\Library\Bluetooth_LE\library\libbluenrg1_stack.a(rom_ll_isr_routines.o)
                0x1004925a                unpack_update_request
 i.Is_Address_Initialized
                0x100492a2       0x18 C:\Users\jaume\WiSE-Studio\workspace\BLE_Sensor_Jaume\include\Library\Bluetooth_LE\library\libbluenrg1_stack.a(rom_ll_ll_routines.o)
                0x100492a2                Is_Address_Initialized
 i.LL_Allow_Address_Setting
                0x100492ba       0x42 C:\Users\jaume\WiSE-Studio\workspace\BLE_Sensor_Jaume\include\Library\Bluetooth_LE\library\libbluenrg1_stack.a(rom_ll_ll_routines.o)
                0x100492ba                LL_Allow_Address_Setting
 i.LL_Check_And_Set_Addresses
                0x100492fc      0x1fc C:\Users\jaume\WiSE-Studio\workspace\BLE_Sensor_Jaume\include\Library\Bluetooth_LE\library\libbluenrg1_stack.a(rom_ll_ll_routines.o)
                0x100492fc                LL_Check_And_Set_Addresses
 i.LL_Enable_Disable_Adv
                0x100494f8      0x224 C:\Users\jaume\WiSE-Studio\workspace\BLE_Sensor_Jaume\include\Library\Bluetooth_LE\library\libbluenrg1_stack.a(rom_ll_ll_routines.o)
                0x100494f8                LL_Enable_Disable_Adv
 i.LL_Get_Address
                0x1004971c       0x30 C:\Users\jaume\WiSE-Studio\workspace\BLE_Sensor_Jaume\include\Library\Bluetooth_LE\library\libbluenrg1_stack.a(rom_ll_ll_routines.o)
                0x1004971c                LL_Get_Address
 i.LL_Get_AdvAddress
                0x1004974c       0x40 C:\Users\jaume\WiSE-Studio\workspace\BLE_Sensor_Jaume\include\Library\Bluetooth_LE\library\libbluenrg1_stack.a(rom_ll_ll_routines.o)
                0x1004974c                LL_Get_AdvAddress
 i.LL_Get_ScanAddress
                0x1004978c       0x40 C:\Users\jaume\WiSE-Studio\workspace\BLE_Sensor_Jaume\include\Library\Bluetooth_LE\library\libbluenrg1_stack.a(rom_ll_ll_routines.o)
                0x1004978c                LL_Get_ScanAddress
 i.LL_Init      0x100497cc      0x190 C:\Users\jaume\WiSE-Studio\workspace\BLE_Sensor_Jaume\include\Library\Bluetooth_LE\library\libbluenrg1_stack.a(rom_ll_ll_routines.o)
                0x100497cc                LL_Init
 i.LL_Send_ACL_Data
                0x1004995c       0x50 C:\Users\jaume\WiSE-Studio\workspace\BLE_Sensor_Jaume\include\Library\Bluetooth_LE\library\libbluenrg1_stack.a(rom_ll_ll_routines.o)
                0x1004995c                LL_Send_ACL_Data
 i.LL_Set_Adv_Data
                0x100499ac       0x78 C:\Users\jaume\WiSE-Studio\workspace\BLE_Sensor_Jaume\include\Library\Bluetooth_LE\library\libbluenrg1_stack.a(rom_ll_ll_routines.o)
                0x100499ac                LL_Set_Adv_Data
 i.LL_Set_Adv_PDU_Format
                0x10049a24       0xd0 C:\Users\jaume\WiSE-Studio\workspace\BLE_Sensor_Jaume\include\Library\Bluetooth_LE\library\libbluenrg1_stack.a(rom_ll_ll_routines.o)
                0x10049a24                LL_Set_Adv_PDU_Format
 i.LL_Set_Adv_Params
                0x10049af4      0x14c C:\Users\jaume\WiSE-Studio\workspace\BLE_Sensor_Jaume\include\Library\Bluetooth_LE\library\libbluenrg1_stack.a(rom_ll_ll_routines.o)
                0x10049af4                LL_Set_Adv_Params
 i.LL_Set_Advertising_Buffers
                0x10049c40       0x88 C:\Users\jaume\WiSE-Studio\workspace\BLE_Sensor_Jaume\include\Library\Bluetooth_LE\library\libbluenrg1_stack.a(rom_ll_ll_routines.o)
                0x10049c40                LL_Set_Advertising_Buffers
 i.LL_Set_DirectAddress
                0x10049cc8       0x38 C:\Users\jaume\WiSE-Studio\workspace\BLE_Sensor_Jaume\include\Library\Bluetooth_LE\library\libbluenrg1_stack.a(rom_ll_ll_routines.o)
 i.LL_Set_OwnAddress
                0x10049d00       0x24 C:\Users\jaume\WiSE-Studio\workspace\BLE_Sensor_Jaume\include\Library\Bluetooth_LE\library\libbluenrg1_stack.a(rom_ll_ll_routines.o)
                0x10049d00                LL_Set_OwnAddress
 i.LL_Set_Scan_Resp_Data
                0x10049d24       0x5c C:\Users\jaume\WiSE-Studio\workspace\BLE_Sensor_Jaume\include\Library\Bluetooth_LE\library\libbluenrg1_stack.a(rom_ll_ll_routines.o)
                0x10049d24                LL_Set_Scan_Resp_Data
 i.LL_Update_Advertising_Buffers
                0x10049d80       0x54 C:\Users\jaume\WiSE-Studio\workspace\BLE_Sensor_Jaume\include\Library\Bluetooth_LE\library\libbluenrg1_stack.a(rom_ll_ll_routines.o)
                0x10049d80                LL_Update_Advertising_Buffers
 i.LL_Update_Scanning_Initiating_Buffers
                0x10049dd4       0x48 C:\Users\jaume\WiSE-Studio\workspace\BLE_Sensor_Jaume\include\Library\Bluetooth_LE\library\libbluenrg1_stack.a(rom_ll_ll_routines.o)
                0x10049dd4                LL_Update_Scanning_Initiating_Buffers
 i.addr_u32_from_u8
                0x10049e1c       0x20 C:\Users\jaume\WiSE-Studio\workspace\BLE_Sensor_Jaume\include\Library\Bluetooth_LE\library\libbluenrg1_stack.a(rom_ll_ll_routines.o)
 i.int32ToLe4Byte
                0x10049e3c       0x10 C:\Users\jaume\WiSE-Studio\workspace\BLE_Sensor_Jaume\include\Library\Bluetooth_LE\library\libbluenrg1_stack.a(rom_ll_ll_routines.o)
 i.le4ByteToInt32
                0x10049e4c       0x16 C:\Users\jaume\WiSE-Studio\workspace\BLE_Sensor_Jaume\include\Library\Bluetooth_LE\library\libbluenrg1_stack.a(rom_ll_ll_routines.o)
 *fill*         0x10049e62        0x2 
 i.wait_for_prescheduled_slot_cancellation
                0x10049e64       0x7c C:\Users\jaume\WiSE-Studio\workspace\BLE_Sensor_Jaume\include\Library\Bluetooth_LE\library\libbluenrg1_stack.a(rom_ll_ll_routines.o)
 i.LL_Set_Channel_Classification_offline_processing_ucfg
                0x10049ee0        0x2 C:\Users\jaume\WiSE-Studio\workspace\BLE_Sensor_Jaume\include\Library\Bluetooth_LE\library\libbluenrg1_stack.a(rom_ll_ll_routines_master.o)
                0x10049ee0                LL_Set_Channel_Classification_offline_processing_ucfg
 *fill*         0x10049ee2        0x2 
 i.Blue_Set_Radio_Config_Data
                0x10049ee4       0x24 C:\Users\jaume\WiSE-Studio\workspace\BLE_Sensor_Jaume\include\Library\Bluetooth_LE\library\libbluenrg1_stack.a(rom_ll_routines_support.o)
                0x10049ee4                Blue_Set_Radio_Config_Data
 i.LL_Get_Adv_Tx_Power_Level
                0x10049f08       0x1c C:\Users\jaume\WiSE-Studio\workspace\BLE_Sensor_Jaume\include\Library\Bluetooth_LE\library\libbluenrg1_stack.a(rom_ll_routines_support.o)
                0x10049f08                LL_Get_Adv_Tx_Power_Level
 i.convert_power
                0x10049f24       0x20 C:\Users\jaume\WiSE-Studio\workspace\BLE_Sensor_Jaume\include\Library\Bluetooth_LE\library\libbluenrg1_stack.a(rom_ll_routines_support.o)
 i.modulo_37    0x10049f44       0x1c C:\Users\jaume\WiSE-Studio\workspace\BLE_Sensor_Jaume\include\Library\Bluetooth_LE\library\libbluenrg1_stack.a(rom_ll_routines_support.o)
                0x10049f44                modulo_37
 i.WindowWiden1
                0x10049f60        0xa C:\Users\jaume\WiSE-Studio\workspace\BLE_Sensor_Jaume\include\Library\Bluetooth_LE\library\libbluenrg1_stack.a(rom_ll_timehandling.o)
                0x10049f60                WindowWiden1
 i.WindowWiden2
                0x10049f6a       0x10 C:\Users\jaume\WiSE-Studio\workspace\BLE_Sensor_Jaume\include\Library\Bluetooth_LE\library\libbluenrg1_stack.a(rom_ll_timehandling.o)
                0x10049f6a                WindowWiden2
 *fill*         0x10049f7a        0x2 
 i.machine_time_trans
                0x10049f7c       0x20 C:\Users\jaume\WiSE-Studio\workspace\BLE_Sensor_Jaume\include\Library\Bluetooth_LE\library\libbluenrg1_stack.a(rom_ll_timehandling.o)
                0x10049f7c                machine_time_trans
 i.set_freq     0x10049f9c       0x88 C:\Users\jaume\WiSE-Studio\workspace\BLE_Sensor_Jaume\include\Library\Bluetooth_LE\library\libbluenrg1_stack.a(rom_ll_timehandling.o)
                0x10049f9c                set_freq
 i.set_sca      0x1004a024       0x1c C:\Users\jaume\WiSE-Studio\workspace\BLE_Sensor_Jaume\include\Library\Bluetooth_LE\library\libbluenrg1_stack.a(rom_ll_timehandling.o)
                0x1004a024                set_sca
 i.system_time_trans
                0x1004a040       0x10 C:\Users\jaume\WiSE-Studio\workspace\BLE_Sensor_Jaume\include\Library\Bluetooth_LE\library\libbluenrg1_stack.a(rom_ll_timehandling.o)
                0x1004a040                system_time_trans
 i.system_time_trans_ext
                0x1004a050       0x30 C:\Users\jaume\WiSE-Studio\workspace\BLE_Sensor_Jaume\include\Library\Bluetooth_LE\library\libbluenrg1_stack.a(rom_ll_timehandling.o)
                0x1004a050                system_time_trans_ext
 i.time_offset1
                0x1004a080        0xe C:\Users\jaume\WiSE-Studio\workspace\BLE_Sensor_Jaume\include\Library\Bluetooth_LE\library\libbluenrg1_stack.a(rom_ll_timehandling.o)
                0x1004a080                time_offset1
 *fill*         0x1004a08e        0x2 
 i.time_offset2
                0x1004a090       0x10 C:\Users\jaume\WiSE-Studio\workspace\BLE_Sensor_Jaume\include\Library\Bluetooth_LE\library\libbluenrg1_stack.a(rom_ll_timehandling.o)
                0x1004a090                time_offset2
 i.Blue_Init_Global
                0x1004a0a0       0xa8 C:\Users\jaume\WiSE-Studio\workspace\BLE_Sensor_Jaume\include\Library\Bluetooth_LE\library\libbluenrg1_stack.a(routines_support.o)
                0x1004a0a0                Blue_Init_Global
 i.advance_transmit
                0x1004a148      0x158 C:\Users\jaume\WiSE-Studio\workspace\BLE_Sensor_Jaume\include\Library\Bluetooth_LE\library\libbluenrg1_stack.a(routines_support.o)
                0x1004a148                advance_transmit
 i.microseconds_to_machine_time
                0x1004a2a0        0x8 C:\Users\jaume\WiSE-Studio\workspace\BLE_Sensor_Jaume\include\Library\Bluetooth_LE\library\libbluenrg1_stack.a(routines_support.o)
                0x1004a2a0                microseconds_to_machine_time
 i.slave_advance
                0x1004a2a8      0x208 C:\Users\jaume\WiSE-Studio\workspace\BLE_Sensor_Jaume\include\Library\Bluetooth_LE\library\libbluenrg1_stack.a(routines_support.o)
                0x1004a2a8                slave_advance
 i.swap_slaves  0x1004a4b0      0x13c C:\Users\jaume\WiSE-Studio\workspace\BLE_Sensor_Jaume\include\Library\Bluetooth_LE\library\libbluenrg1_stack.a(routines_support.o)
                0x1004a4b0                swap_slaves
 i.swap_u16     0x1004a5ec        0xa C:\Users\jaume\WiSE-Studio\workspace\BLE_Sensor_Jaume\include\Library\Bluetooth_LE\library\libbluenrg1_stack.a(routines_support.o)
 i.swap_u32     0x1004a5f6        0xa C:\Users\jaume\WiSE-Studio\workspace\BLE_Sensor_Jaume\include\Library\Bluetooth_LE\library\libbluenrg1_stack.a(routines_support.o)
 i.swap_u8      0x1004a600        0xa C:\Users\jaume\WiSE-Studio\workspace\BLE_Sensor_Jaume\include\Library\Bluetooth_LE\library\libbluenrg1_stack.a(routines_support.o)
 i.Erase_Sector
                0x1004a60a        0xe C:\Users\jaume\WiSE-Studio\workspace\BLE_Sensor_Jaume\include\Library\Bluetooth_LE\library\libbluenrg1_stack.a(sdb.o)
 i.SDB_Add_Record
                0x1004a618      0x16c C:\Users\jaume\WiSE-Studio\workspace\BLE_Sensor_Jaume\include\Library\Bluetooth_LE\library\libbluenrg1_stack.a(sdb.o)
                0x1004a618                SDB_Add_Record
 i.SDB_Find_Matching_LTK
                0x1004a784       0x8c C:\Users\jaume\WiSE-Studio\workspace\BLE_Sensor_Jaume\include\Library\Bluetooth_LE\library\libbluenrg1_stack.a(sdb.o)
                0x1004a784                SDB_Find_Matching_LTK
 i.SDB_Find_Record
                0x1004a810       0xa8 C:\Users\jaume\WiSE-Studio\workspace\BLE_Sensor_Jaume\include\Library\Bluetooth_LE\library\libbluenrg1_stack.a(sdb.o)
                0x1004a810                SDB_Find_Record
 i.SDB_Get_Number_Of_Valid_Records
                0x1004a8b8       0x38 C:\Users\jaume\WiSE-Studio\workspace\BLE_Sensor_Jaume\include\Library\Bluetooth_LE\library\libbluenrg1_stack.a(sdb.o)
                0x1004a8b8                SDB_Get_Number_Of_Valid_Records
 i.SDB_flash_write_client_data
                0x1004a8f0       0xb8 C:\Users\jaume\WiSE-Studio\workspace\BLE_Sensor_Jaume\include\Library\Bluetooth_LE\library\libbluenrg1_stack.a(sdb.o)
                0x1004a8f0                SDB_flash_write_client_data
 i.SDB_get_security_data_record